OOPS Starting 2025-09-12 13:14:11 (UTC+0000)
[TestReference] Comparing to reference file: ../timing.ref
Relative float tolerance for tests : 1e-06
Absolute float tolerance for tests : 0
Configuration input file is: timing_128_20_8_c0_regular.yaml
Full configuration is:YAMLConfiguration[path=timing_128_20_8_c0_regular.yaml, root={geometry => {function space => StructuredColumns , grid => {type => octahedral_gaussian , N => 600} , groups => ({variables => (air_temperature)}) , interpolation => {interpolation type => atlas interpolation wrapper}} , background => {date => 2025-08-04T00:00:00Z , state variables => (air_temperature)} , background error => {covariance model => SABER , saber central block => {saber block name => BUMP_NICAS , calibration => {general => {testing => true , default seed => 0 , timers => true , universe length-scale => 497081} , drivers => {multivariate strategy => univariate , compute nicas => true} , nicas => {grid type => regular , resolution => 8 , explicit length-scales => true , horizontal length-scale => ({groups => (air_temperature) , value => 331388}) , vertical length-scale => ({groups => (air_temperature) , value => 1}) , interpolation type => ({groups => (air_temperature) , type => c0}) , smooth interpolation factor => 0.8 , smooth interpolation scaling => true , setup timings => 10 , application timings => 100}}}} , test => {reference filename => ../timing.ref}}]
OOPS_STATS ObjectCountHelper started.
OOPS_STATS Run start                                - Runtime:      4.77 sec,  Memory: total:    19.24 Gb, per task: min =   149.63 Mb, max =   151.14 Mb
Run: Starting oops::ErrorCovarianceToolbox<quench>
Info     : Quench geometry grid:
Info     : - name: O600
Info     : - size: 1461600
Info     : Partitioner:
Info     : - type: equal_regions
Info     : Function space:
Info     : - type: StructuredColumns
Info     : - halo: 0
Info     : Groups: 
Info     : - Group 0:
Info     :   Vertical levels: 
Info     :   - number: 1
Info     :   - vertCoord: [1]
Info     :   Mask size: 100%
Info     : Create empty state
Info     : Prepare ensemble configuration
Info     : Read full ensemble
Info     : Creating central block: BUMP_NICAS
Info     : +++++++++++++++++++++++++++++++++++++++++++++++++++++++++++++++++++
Info     : +++ MPI tasks:      128
Info     : +++ OpenMP threads: 1
Info     : +++++++++++++++++++++++++++++++++++++++++++++++++++++++++++++++++++
Info     : +++ Create BUMP instance 1 / 1
Info     : -------------------------------------------------------------------
Info     : --- Parallelization with 128 MPI tasks and  1 OpenMP threads
Info     : -------------------------------------------------------------------
Info     : --- Missing values
Info     :     Real:    -0.33347671E+39
Info     :     Integer:   -999
Info     : -------------------------------------------------------------------
Info     : --- Configuration parameters
Info     :        General:{"color log":false,"testing":true,"default seed":0,"reproducibility operators":true,"reproducibility threshold":9.9999999999999998e-13,"timers":true,"universe length-scale":497081.28031634714,"deprecated hull":true,"deprecated work grid":false}
Info     :        I/O:{"data directory":".","files prefix":"","new files":true,"parallel netcdf":true,"io tasks":20,"alias":[],"overriding sampling file":"","overriding vertical covariance file":[],"overriding vertical balance file":"","overriding moments file":[],"overriding lowres moments file":[],"overriding universe radius file":"","overriding nicas file":"","overriding psichitouv file":"","gsi data file":"","gsi namelist":""}
Info     :        Drivers:{"compute covariance":false,"compute lowres covariance":false,"compute correlation":false,"compute lowres correlation":false,"compute localization":false,"compute lowres localization":false,"compute hybrid weights":false,"hybrid source":"","multivariate strategy":"univariate","compute normality":false,"read local sampling":false,"read global sampling":false,"write local sampling":false,"write global sampling":false,"write sampling grids":false,"compute vertical covariance":false,"read vertical covariance":false,"write vertical covariance":false,"compute vertical balance":false,"read vertical balance":false,"write vertical balance":false,"compute variance":false,"compute moments":false,"read moments":false,"write moments":false,"write diagnostics":false,"write diagnostics detail":false,"read universe radius":false,"write universe radius":false,"compute nicas":true,"read local nicas":false,"read global nicas":false,"write local nicas":false,"write global nicas":false,"write nicas grids":false,"write nicas steps":false,"compute psichitouv":false,"read local psichitouv":false,"read global psichitouv":false,"write local psichitouv":false,"write global psichitouv":false,"vertical balance inverse test":false,"adjoints test":false,"normalization test":0,"internal dirac test":false,"randomization test":false,"internal consistency test":false,"localization optimality test":false,"interpolate from gsi data":false}
Info     :        Model:{"level for 2d variables":"first","variables":["air_temperature"],"2d variables":["air_temperature"],"do not cross mask boundaries":false,"nl0":1}
Info     :        Ensemble sizes:{"total ensemble size":0,"sub-ensembles":1,"total lowres ensemble size":0,"lowres sub-ensembles":1}
Info     :        Sampling:{"computation grid size":0,"diagnostic grid size":0,"distance classes":0,"angular sectors":1,"distance class width":0,"reduced levels":0,"local diagnostic":false,"averaging length-scale":0,"averaging latitude width":0,"max number of draws":10000,"interpolation type":"c0","masks":[],"contiguous levels threshold":0}
Info     :        diagnostics:{"target ensemble size":0,"target lowres ensemble size":0,"gaussian approximation":false,"localization option":"default","generalized kurtosis threshold":1.7976931348623157e+308,"histogram bins":0,"diagnosed lengths scaling":1}
Info     :        Vertical balance:{"vbal":[],"pseudo inverse":false,"dominant mode":0,"variance threshold":0,"identity blocks":false}
Info     :        Variance:{"explicit stddev":false,"stddev":[],"objective filtering":false,"filtering iterations":-1,"filtering passes":-1,"initial length-scale":[],"smoother resolution":5}
Info     :        Optimality test:{"half number of factors":1,"factors increment":0.050000000000000003,"test vectors":10}
Info     :        Fit:{"raw diagnostic lower threshold":-1.7976931348623157e+308,"horizontal filtering length-scale":0,"vertical filtering length-scale":0,"vertical stride":1,"number of components":1}
Info     :        Local profiles:
Info     :        NICAS:{"resolution":8,"grid type":"regular","explicit length-scales":true,"horizontal length-scale":[{"groups":["air_temperature"],"value":331387.52021089807}],"vertical length-scale":[{"groups":["air_temperature"],"value":1}],"default off-diagonal weight":0,"specific off-diagonal weights":[],"default interpolation type":"c0","interpolation type":[{"groups":["air_temperature"],"type":"c0"}],"smooth interpolation factor":0.80000000000000004,"normalization randomization size":0,"positive-definiteness test":false,"horizontal interpolation test":false,"overriding component in file":0,"same horizontal convolution":false,"similar levels threshold":0,"interpolation in global file":false,"setup timings":10,"application timings":100}
Info     :        Psichitouv:{"dipole test":false}
Info     :        Dirac:
Info     : -------------------------------------------------------------------
Info     : --- Check namelist parameters
Info     : -------------------------------------------------------------------
Info     : --- Set I/O parameters
Info     : -------------------------------------------------------------------
Info     : --- Set reproducibility parameters
Info     : -------------------------------------------------------------------
Info     : --- Initialize random number generator
Info     :        Linear congruential generator initialized
Info     : -------------------------------------------------------------------
Info     : --- Initialize geometry
Info     :        Setup subset Sc0
Info     :        Setup universe
Info     :           Task      1:   0.00%
Info     :           Task      2:   0.00%
Info     :           Task      3:   0.00%
Info     :           Task      4:   0.00%
Info     :           Task      5:   0.00%
Info     :           Task      6:   0.00%
Info     :           Task      7:   0.00%
Info     :           Task      8:   0.00%
Info     :           Task      9:   0.00%
Info     :           Task     10:   0.00%
Info     :           Task     11:   0.00%
Info     :           Task     12:   0.00%
Info     :           Task     13:   0.00%
Info     :           Task     14:   0.00%
Info     :           Task     15:   0.00%
Info     :           Task     16:   0.00%
Info     :           Task     17:   0.00%
Info     :           Task     18:   0.00%
Info     :           Task     19:   0.00%
Info     :           Task     20:   0.00%
Info     :           Task     21:   0.00%
Info     :           Task     22:   0.00%
Info     :           Task     23:   0.00%
Info     :           Task     24:   0.00%
Info     :           Task     25:   0.00%
Info     :           Task     26:   0.00%
Info     :           Task     27:   0.00%
Info     :           Task     28:   0.00%
Info     :           Task     29:   0.00%
Info     :           Task     30:   0.00%
Info     :           Task     31:   0.00%
Info     :           Task     32:   0.00%
Info     :           Task     33:   0.00%
Info     :           Task     34:   0.00%
Info     :           Task     35:   0.00%
Info     :           Task     36:   0.00%
Info     :           Task     37:   0.00%
Info     :           Task     38:   0.00%
Info     :           Task     39:   0.00%
Info     :           Task     40:   0.00%
Info     :           Task     41:   0.00%
Info     :           Task     42:   0.00%
Info     :           Task     43:   0.00%
Info     :           Task     44:   0.00%
Info     :           Task     45:   0.00%
Info     :           Task     46:   0.00%
Info     :           Task     47:   0.00%
Info     :           Task     48:   0.00%
Info     :           Task     49:   0.00%
Info     :           Task     50:   0.00%
Info     :           Task     51:   0.00%
Info     :           Task     52:   0.00%
Info     :           Task     53:   0.00%
Info     :           Task     54:   0.00%
Info     :           Task     55:   0.00%
Info     :           Task     56:   0.00%
Info     :           Task     57:   0.00%
Info     :           Task     58:   0.00%
Info     :           Task     59:   0.00%
Info     :           Task     60:   0.00%
Info     :           Task     61:   0.00%
Info     :           Task     62:   0.00%
Info     :           Task     63:   0.00%
Info     :           Task     64:   0.00%
Info     :           Task     65:   0.00%
Info     :           Task     66:   0.00%
Info     :           Task     67:   0.00%
Info     :           Task     68:   0.00%
Info     :           Task     69:   0.00%
Info     :           Task     70:   0.00%
Info     :           Task     71:   0.00%
Info     :           Task     72:   0.00%
Info     :           Task     73:   0.00%
Info     :           Task     74:   0.00%
Info     :           Task     75:   0.00%
Info     :           Task     76:   0.00%
Info     :           Task     77:   0.00%
Info     :           Task     78:   0.00%
Info     :           Task     79:   0.00%
Info     :           Task     80:   0.00%
Info     :           Task     81:   0.00%
Info     :           Task     82:   0.00%
Info     :           Task     83:   0.00%
Info     :           Task     84:   0.00%
Info     :           Task     85:   0.00%
Info     :           Task     86:   0.00%
Info     :           Task     87:   0.00%
Info     :           Task     88:   0.00%
Info     :           Task     89:   0.00%
Info     :           Task     90:   0.00%
Info     :           Task     91:   0.00%
Info     :           Task     92:   0.00%
Info     :           Task     93:   0.00%
Info     :           Task     94:   0.00%
Info     :           Task     95:   0.00%
Info     :           Task     96:   0.00%
Info     :           Task     97:   0.00%
Info     :           Task     98:   0.00%
Info     :           Task     99:   0.00%
Info     :           Task    100:   0.00%
Info     :           Task    101:   0.00%
Info     :           Task    102:   0.00%
Info     :           Task    103:   0.00%
Info     :           Task    104:   0.00%
Info     :           Task    105:   0.00%
Info     :           Task    106:   0.00%
Info     :           Task    107:   0.00%
Info     :           Task    108:   0.00%
Info     :           Task    109:   0.00%
Info     :           Task    110:   0.00%
Info     :           Task    111:   0.00%
Info     :           Task    112:   0.00%
Info     :           Task    113:   0.00%
Info     :           Task    114:   0.00%
Info     :           Task    115:   0.00%
Info     :           Task    116:   0.00%
Info     :           Task    117:   0.00%
Info     :           Task    118:   0.00%
Info     :           Task    119:   0.00%
Info     :           Task    120:   0.00%
Info     :           Task    121:   0.00%
Info     :           Task    122:   0.00%
Info     :           Task    123:   0.00%
Info     :           Task    124:   0.00%
Info     :           Task    125:   0.00%
Info     :           Task    126:   0.00%
Info     :           Task    127:   0.00%
Info     :           Task    128:   0.00%
Info     :           Communicate data from halo A to universe on subset Sc0
Info     :        Check that Sc0 points in universe are not duplicated
Info     :        Setup tree
Info     :        Setup hulls
Info     :        Setup grid properties
Test     :        Independent levels:  1[1]
Info     :        Setup horizontal distance
Info     :        Setup angular sector
Info     :        Geometry summary:
Info     :           Model grid size:          1461600
Test     :           Subset Sc0 size:          1461600
Info     :           Number of duplicated points (halo):         0 (  0.00%)
Test     :           Domain area (% of Earth area): 0.100E+03%
Info     :           Valid points (% of total domain):
Test     :              Level   1 ~> 100.0%
Info     :           Vertical coordinate:
Test     :              Level   1 ~>  0.100E+01 vert. coord.
Info     :           Distribution (local / universe):
Info     :              Task      1:    11419 /    79933
Info     :              Task      2:    11419 /    91352
Info     :              Task      3:    11419 /    91352
Info     :              Task      4:    11419 /    91352
Info     :              Task      5:    11419 /    91352
Info     :              Task      6:    11419 /    91352
Info     :              Task      7:    11419 /    91352
Info     :              Task      8:    11419 /    91352
Info     :              Task      9:    11419 /   102771
Info     :              Task     10:    11419 /    91352
Info     :              Task     11:    11419 /    91352
Info     :              Task     12:    11419 /    91352
Info     :              Task     13:    11419 /    91352
Info     :              Task     14:    11419 /    91352
Info     :              Task     15:    11419 /    91352
Info     :              Task     16:    11419 /    91352
Info     :              Task     17:    11419 /    91352
Info     :              Task     18:    11419 /   102771
Info     :              Task     19:    11419 /    91352
Info     :              Task     20:    11419 /   102771
Info     :              Task     21:    11419 /    91352
Info     :              Task     22:    11419 /    79933
Info     :              Task     23:    11419 /   102771
Info     :              Task     24:    11419 /    91352
Info     :              Task     25:    11419 /    91352
Info     :              Task     26:    11419 /    91352
Info     :              Task     27:    11419 /   102771
Info     :              Task     28:    11419 /    79933
Info     :              Task     29:    11419 /    91352
Info     :              Task     30:    11419 /    91352
Info     :              Task     31:    11419 /   102771
Info     :              Task     32:    11419 /   102771
Info     :              Task     33:    11419 /    79933
Info     :              Task     34:    11419 /    91352
Info     :              Task     35:    11419 /   102771
Info     :              Task     36:    11419 /   102771
Info     :              Task     37:    11419 /    91352
Info     :              Task     38:    11419 /    91352
Info     :              Task     39:    11419 /    91352
Info     :              Task     40:    11419 /    91352
Info     :              Task     41:    11419 /   102771
Info     :              Task     42:    11419 /    91352
Info     :              Task     43:    11419 /    91352
Info     :              Task     44:    11419 /    79933
Info     :              Task     45:    11419 /    79933
Info     :              Task     46:    11419 /    79933
Info     :              Task     47:    11419 /    79933
Info     :              Task     48:    11419 /    91352
Info     :              Task     49:    11419 /   102771
Info     :              Task     50:    11419 /    91352
Info     :              Task     51:    11419 /    91352
Info     :              Task     52:    11419 /    91352
Info     :              Task     53:    11419 /    91352
Info     :              Task     54:    11419 /   102771
Info     :              Task     55:    11419 /   102771
Info     :              Task     56:    11419 /   102771
Info     :              Task     57:    11419 /   102771
Info     :              Task     58:    11419 /   102771
Info     :              Task     59:    11419 /   102771
Info     :              Task     60:    11419 /    79933
Info     :              Task     61:    11419 /    79933
Info     :              Task     62:    11419 /    79933
Info     :              Task     63:    11419 /    79933
Info     :              Task     64:    11419 /    79933
Info     :              Task     65:    11419 /    79933
Info     :              Task     66:    11419 /    79933
Info     :              Task     67:    11419 /    79933
Info     :              Task     68:    11419 /    79933
Info     :              Task     69:    11419 /    79933
Info     :              Task     70:    11419 /   102771
Info     :              Task     71:    11419 /   102771
Info     :              Task     72:    11419 /   102771
Info     :              Task     73:    11419 /   102771
Info     :              Task     74:    11419 /   102771
Info     :              Task     75:    11419 /   102770
Info     :              Task     76:    11419 /    91352
Info     :              Task     77:    11419 /    91352
Info     :              Task     78:    11419 /    91351
Info     :              Task     79:    11419 /    91350
Info     :              Task     80:    11419 /   102768
Info     :              Task     81:    11419 /    91349
Info     :              Task     82:    11419 /    79931
Info     :              Task     83:    11419 /    79931
Info     :              Task     84:    11419 /    79931
Info     :              Task     85:    11419 /    79931
Info     :              Task     86:    11419 /    91349
Info     :              Task     87:    11419 /    91349
Info     :              Task     88:    11419 /   102768
Info     :              Task     89:    11419 /    91350
Info     :              Task     90:    11419 /    91350
Info     :              Task     91:    11419 /    91350
Info     :              Task     92:    11419 /    91350
Info     :              Task     93:    11419 /   102769
Info     :              Task     94:    11419 /   102767
Info     :              Task     95:    11419 /    91350
Info     :              Task     96:    11419 /    79930
Info     :              Task     97:    11418 /   102766
Info     :              Task     98:    11418 /   102765
Info     :              Task     99:    11418 /    91347
Info     :              Task    100:    11418 /    91347
Info     :              Task    101:    11418 /    79928
Info     :              Task    102:    11418 /   102765
Info     :              Task    103:    11418 /    91347
Info     :              Task    104:    11418 /    91347
Info     :              Task    105:    11418 /   102765
Info     :              Task    106:    11418 /   102765
Info     :              Task    107:    11418 /    79928
Info     :              Task    108:    11418 /    91347
Info     :              Task    109:    11418 /   102766
Info     :              Task    110:    11418 /    91346
Info     :              Task    111:    11418 /   102765
Info     :              Task    112:    11418 /    91345
Info     :              Task    113:    11418 /    91344
Info     :              Task    114:    11418 /    91344
Info     :              Task    115:    11418 /    91344
Info     :              Task    116:    11418 /    91344
Info     :              Task    117:    11418 /   102762
Info     :              Task    118:    11418 /    91344
Info     :              Task    119:    11418 /    91344
Info     :              Task    120:    11418 /   102762
Info     :              Task    121:    11418 /    91345
Info     :              Task    122:    11418 /    91344
Info     :              Task    123:    11418 /    91344
Info     :              Task    124:    11418 /    91344
Info     :              Task    125:    11418 /    91344
Info     :              Task    126:    11418 /    91344
Info     :              Task    127:    11418 /    91344
Info     :              Task    128:    11418 /    79926
Info     : +++++++++++++++++++++++++++++++++++++++++++++++++++++++++++++++++++
Info     : +++ End of BUMP creation
Info     : +++++++++++++++++++++++++++++++++++++++++++++++++++++++++++++++++++
Info     : Direct calibration
Info     : +++++++++++++++++++++++++++++++++++++++++++++++++++++++++++++++++++
Info     : +++ Run drivers for BUMP instance 1 / 1
Info     : -------------------------------------------------------------------
Info     : --- Copy namelist support radii into C matrix, ensemble 1
Info     :        Copy namelist radii into C matrix
Info     : -------------------------------------------------------------------
Info     : --- Setup C matrix sampling, ensemble 1
Info     :        Group air_temperature:
Info     : -------------------------------------------------------------------
Info     : --- Run NICAS driver
Info     :        Ensemble 1
Info     : -------------------------------------------------------------------
Info     : --- Copy and filter C matrix data
Info     : -------------------------------------------------------------------
Info     : --- Compute NICAS parameters
Info     : --- Block: air_temperature
Info     :        Component: 1
Info     :           Compute adaptive sampling, vertical
Info     :              Compute vertical subset L1
Test     :              Effective levels:   1 
Info     :           Compute adaptive sampling, horizontal
Info     :              Sublevel   1/  1 (level   1):
Info     :                 Compute horizontal subset Sc1:
Test     :                    Requested distance between points (min/max/avg):  0.414E+02 km /  0.414E+02 km /  0.414E+02 km
Test     :                    Regular sampling grid size:   233208 points
Test     :                    Nearest neighbor distance (min/max/avg):  0.101E+02 km /  0.517E+02 km /  0.445E+02 km
Test     :                    Effective resolution (min/max/avg):  6.41 / 32.80 /  7.48
Test     :                    Subgrid hash:    437685876
Test     :                 Subgrid size:   233208
Info     :                 Compute halo A and universe conversions and communication for subset Sc1
Info     :                 Get global lon/lat
Info     :                 Compute interpolation from subset Sc1 to subset Sc0, type c0
Info     :                 Compute interpolation: 0% 5% 10% 15% 20% 25% 30% 35% 40% 45% 50% 55% 60% 65% 70% 75% 80% 85% 90% 95% 100%
Info     :                 Compute interpolation from subset Sc0 to subset Sc1
Info     :                    Compute interpolation: 0% 5% 10% 15% 20% 25% 30% 35% 40% 45% 50% 55% 60% 65% 70% 75% 80% 85% 90% 95% 100%
Info     :                 Define halo B, compute conversions and communications for subset Sc1
Info     :                 Define halo B, compute conversions and communications for subset Sc0
Info     :              Define subgrid, conversions and communication
Info     :           Compute convolution data
Info     :              Compute horizontal and vertical parameters
Info     :                 Sublevel   1:
Info     :                    Interpolate fields on convolution grid
Info     :                    Communication field on halo B
Info     :              Count and find nearest neighbors, compute distances: 0% 5% 10% 15% 20% 25% 30% 35% 40% 45% 50% 55% 60% 65% 70% 75% 80% 85% 90% 95% 100%
Info     :              Compute weights: 0% 5% 10% 15% 20% 25% 30% 35% 40% 45% 50% 55% 60% 65% 70% 75% 80% 85% 90% 95% 100%
Info     :           Compute internal normalization
Info     :           Compute normalization
Info     :              Level   1: 0% 5% 10% 15% 20% 25% 30% 35% 40% 45% 50% 55% 60% 65% 70% 75% 80% 85% 90% 95% 100%
Info     :           Parameters for processor #     1
Info     :              nc0 =                         1461600
Info     :              nc0a =                          11419
Info     :              nl0 =                               1
Test     :              nc1(  1) =                     233208
Test     :              ns =                           233208
Info     :              nsa =                            2072
Info     :              nsb =                            2204
Info     :              nsc =                            2480
Info     :              Interp. type =                     c0
Info     :              interp_c1b_to_c0a(  1)%n_s =    33482
Test     :              v%n_s =                             1
Info     :              c%n_s[local] =                  82360
Test     :              c%n_s[global] =               8815624
Info     : -------------------------------------------------------------------
Info     : --- Run NICAS tests driver
Info     :        Ensemble 1
Info     : -------------------------------------------------------------------
Info     : --- Copy and filter C matrix data
Info     : -------------------------------------------------------------------
Info     : --- Compute NICAS parameters
Info     : --- Block: air_temperature
Info     :        Component: 1
Info     :           Compute adaptive sampling, vertical
Info     :              Compute vertical subset L1
Test     :              Effective levels:   1 
Info     :           Compute adaptive sampling, horizontal
Info     :              Sublevel   1/  1 (level   1):
Info     :                 Compute horizontal subset Sc1:
Test     :                    Requested distance between points (min/max/avg):  0.414E+02 km /  0.414E+02 km /  0.414E+02 km
Test     :                    Regular sampling grid size:   233208 points
Test     :                    Nearest neighbor distance (min/max/avg):  0.101E+02 km /  0.517E+02 km /  0.445E+02 km
Test     :                    Effective resolution (min/max/avg):  6.41 / 32.80 /  7.48
Test     :                    Subgrid hash:    437685876
Test     :                 Subgrid size:   233208
Info     :                 Compute halo A and universe conversions and communication for subset Sc1
Info     :                 Get global lon/lat
Info     :                 Compute interpolation from subset Sc1 to subset Sc0, type c0
Info     :                 Compute interpolation: 0% 5% 10% 15% 20% 25% 30% 35% 40% 45% 50% 55% 60% 65% 70% 75% 80% 85% 90% 95% 100%
Info     :                 Compute interpolation from subset Sc0 to subset Sc1
Info     :                    Compute interpolation: 0% 5% 10% 15% 20% 25% 30% 35% 40% 45% 50% 55% 60% 65% 70% 75% 80% 85% 90% 95% 100%
Info     :                 Define halo B, compute conversions and communications for subset Sc1
Info     :                 Define halo B, compute conversions and communications for subset Sc0
Info     :              Define subgrid, conversions and communication
Info     :           Compute convolution data
Info     :              Compute horizontal and vertical parameters
Info     :                 Sublevel   1:
Info     :                    Interpolate fields on convolution grid
Info     :                    Communication field on halo B
Info     :              Count and find nearest neighbors, compute distances: 0% 5% 10% 15% 20% 25% 30% 35% 40% 45% 50% 55% 60% 65% 70% 75% 80% 85% 90% 95% 100%
Info     :              Compute weights: 0% 5% 10% 15% 20% 25% 30% 35% 40% 45% 50% 55% 60% 65% 70% 75% 80% 85% 90% 95% 100%
Info     :           Compute internal normalization
Info     :           Compute normalization
Info     :              Level   1: 0% 5% 10% 15% 20% 25% 30% 35% 40% 45% 50% 55% 60% 65% 70% 75% 80% 85% 90% 95% 100%
Info     :           Parameters for processor #     1
Info     :              nc0 =                         1461600
Info     :              nc0a =                          11419
Info     :              nl0 =                               1
Test     :              nc1(  1) =                     233208
Test     :              ns =                           233208
Info     :              nsa =                            2072
Info     :              nsb =                            2204
Info     :              nsc =                            2480
Info     :              Interp. type =                     c0
Info     :              interp_c1b_to_c0a(  1)%n_s =    33482
Test     :              v%n_s =                             1
Info     :              c%n_s[local] =                  82360
Test     :              c%n_s[global] =               8815624
Info     : -------------------------------------------------------------------
Info     : --- Copy and filter C matrix data
Info     : -------------------------------------------------------------------
Info     : --- Compute NICAS parameters
Info     : --- Block: air_temperature
Info     :        Component: 1
Info     :           Compute adaptive sampling, vertical
Info     :              Compute vertical subset L1
Test     :              Effective levels:   1 
Info     :           Compute adaptive sampling, horizontal
Info     :              Sublevel   1/  1 (level   1):
Info     :                 Compute horizontal subset Sc1:
Test     :                    Requested distance between points (min/max/avg):  0.414E+02 km /  0.414E+02 km /  0.414E+02 km
Test     :                    Regular sampling grid size:   233208 points
Test     :                    Nearest neighbor distance (min/max/avg):  0.101E+02 km /  0.517E+02 km /  0.445E+02 km
Test     :                    Effective resolution (min/max/avg):  6.41 / 32.80 /  7.48
Test     :                    Subgrid hash:    437685876
Test     :                 Subgrid size:   233208
Info     :                 Compute halo A and universe conversions and communication for subset Sc1
Info     :                 Get global lon/lat
Info     :                 Compute interpolation from subset Sc1 to subset Sc0, type c0
Info     :                 Compute interpolation: 0% 5% 10% 15% 20% 25% 30% 35% 40% 45% 50% 55% 60% 65% 70% 75% 80% 85% 90% 95% 100%
Info     :                 Compute interpolation from subset Sc0 to subset Sc1
Info     :                    Compute interpolation: 0% 5% 10% 15% 20% 25% 30% 35% 40% 45% 50% 55% 60% 65% 70% 75% 80% 85% 90% 95% 100%
Info     :                 Define halo B, compute conversions and communications for subset Sc1
Info     :                 Define halo B, compute conversions and communications for subset Sc0
Info     :              Define subgrid, conversions and communication
Info     :           Compute convolution data
Info     :              Compute horizontal and vertical parameters
Info     :                 Sublevel   1:
Info     :                    Interpolate fields on convolution grid
Info     :                    Communication field on halo B
Info     :              Count and find nearest neighbors, compute distances: 0% 5% 10% 15% 20% 25% 30% 35% 40% 45% 50% 55% 60% 65% 70% 75% 80% 85% 90% 95% 100%
Info     :              Compute weights: 0% 5% 10% 15% 20% 25% 30% 35% 40% 45% 50% 55% 60% 65% 70% 75% 80% 85% 90% 95% 100%
Info     :           Compute internal normalization
Info     :           Compute normalization
Info     :              Level   1: 0% 5% 10% 15% 20% 25% 30% 35% 40% 45% 50% 55% 60% 65% 70% 75% 80% 85% 90% 95% 100%
Info     :           Parameters for processor #     1
Info     :              nc0 =                         1461600
Info     :              nc0a =                          11419
Info     :              nl0 =                               1
Test     :              nc1(  1) =                     233208
Test     :              ns =                           233208
Info     :              nsa =                            2072
Info     :              nsb =                            2204
Info     :              nsc =                            2480
Info     :              Interp. type =                     c0
Info     :              interp_c1b_to_c0a(  1)%n_s =    33482
Test     :              v%n_s =                             1
Info     :              c%n_s[local] =                  82360
Test     :              c%n_s[global] =               8815624
Info     : -------------------------------------------------------------------
Info     : --- Copy and filter C matrix data
Info     : -------------------------------------------------------------------
Info     : --- Compute NICAS parameters
Info     : --- Block: air_temperature
Info     :        Component: 1
Info     :           Compute adaptive sampling, vertical
Info     :              Compute vertical subset L1
Test     :              Effective levels:   1 
Info     :           Compute adaptive sampling, horizontal
Info     :              Sublevel   1/  1 (level   1):
Info     :                 Compute horizontal subset Sc1:
Test     :                    Requested distance between points (min/max/avg):  0.414E+02 km /  0.414E+02 km /  0.414E+02 km
Test     :                    Regular sampling grid size:   233208 points
Test     :                    Nearest neighbor distance (min/max/avg):  0.101E+02 km /  0.517E+02 km /  0.445E+02 km
Test     :                    Effective resolution (min/max/avg):  6.41 / 32.80 /  7.48
Test     :                    Subgrid hash:    437685876
Test     :                 Subgrid size:   233208
Info     :                 Compute halo A and universe conversions and communication for subset Sc1
Info     :                 Get global lon/lat
Info     :                 Compute interpolation from subset Sc1 to subset Sc0, type c0
Info     :                 Compute interpolation: 0% 5% 10% 15% 20% 25% 30% 35% 40% 45% 50% 55% 60% 65% 70% 75% 80% 85% 90% 95% 100%
Info     :                 Compute interpolation from subset Sc0 to subset Sc1
Info     :                    Compute interpolation: 0% 5% 10% 15% 20% 25% 30% 35% 40% 45% 50% 55% 60% 65% 70% 75% 80% 85% 90% 95% 100%
Info     :                 Define halo B, compute conversions and communications for subset Sc1
Info     :                 Define halo B, compute conversions and communications for subset Sc0
Info     :              Define subgrid, conversions and communication
Info     :           Compute convolution data
Info     :              Compute horizontal and vertical parameters
Info     :                 Sublevel   1:
Info     :                    Interpolate fields on convolution grid
Info     :                    Communication field on halo B
Info     :              Count and find nearest neighbors, compute distances: 0% 5% 10% 15% 20% 25% 30% 35% 40% 45% 50% 55% 60% 65% 70% 75% 80% 85% 90% 95% 100%
Info     :              Compute weights: 0% 5% 10% 15% 20% 25% 30% 35% 40% 45% 50% 55% 60% 65% 70% 75% 80% 85% 90% 95% 100%
Info     :           Compute internal normalization
Info     :           Compute normalization
Info     :              Level   1: 0% 5% 10% 15% 20% 25% 30% 35% 40% 45% 50% 55% 60% 65% 70% 75% 80% 85% 90% 95% 100%
Info     :           Parameters for processor #     1
Info     :              nc0 =                         1461600
Info     :              nc0a =                          11419
Info     :              nl0 =                               1
Test     :              nc1(  1) =                     233208
Test     :              ns =                           233208
Info     :              nsa =                            2072
Info     :              nsb =                            2204
Info     :              nsc =                            2480
Info     :              Interp. type =                     c0
Info     :              interp_c1b_to_c0a(  1)%n_s =    33482
Test     :              v%n_s =                             1
Info     :              c%n_s[local] =                  82360
Test     :              c%n_s[global] =               8815624
Info     : -------------------------------------------------------------------
Info     : --- Copy and filter C matrix data
Info     : -------------------------------------------------------------------
Info     : --- Compute NICAS parameters
Info     : --- Block: air_temperature
Info     :        Component: 1
Info     :           Compute adaptive sampling, vertical
Info     :              Compute vertical subset L1
Test     :              Effective levels:   1 
Info     :           Compute adaptive sampling, horizontal
Info     :              Sublevel   1/  1 (level   1):
Info     :                 Compute horizontal subset Sc1:
Test     :                    Requested distance between points (min/max/avg):  0.414E+02 km /  0.414E+02 km /  0.414E+02 km
Test     :                    Regular sampling grid size:   233208 points
Test     :                    Nearest neighbor distance (min/max/avg):  0.101E+02 km /  0.517E+02 km /  0.445E+02 km
Test     :                    Effective resolution (min/max/avg):  6.41 / 32.80 /  7.48
Test     :                    Subgrid hash:    437685876
Test     :                 Subgrid size:   233208
Info     :                 Compute halo A and universe conversions and communication for subset Sc1
Info     :                 Get global lon/lat
Info     :                 Compute interpolation from subset Sc1 to subset Sc0, type c0
Info     :                 Compute interpolation: 0% 5% 10% 15% 20% 25% 30% 35% 40% 45% 50% 55% 60% 65% 70% 75% 80% 85% 90% 95% 100%
Info     :                 Compute interpolation from subset Sc0 to subset Sc1
Info     :                    Compute interpolation: 0% 5% 10% 15% 20% 25% 30% 35% 40% 45% 50% 55% 60% 65% 70% 75% 80% 85% 90% 95% 100%
Info     :                 Define halo B, compute conversions and communications for subset Sc1
Info     :                 Define halo B, compute conversions and communications for subset Sc0
Info     :              Define subgrid, conversions and communication
Info     :           Compute convolution data
Info     :              Compute horizontal and vertical parameters
Info     :                 Sublevel   1:
Info     :                    Interpolate fields on convolution grid
Info     :                    Communication field on halo B
Info     :              Count and find nearest neighbors, compute distances: 0% 5% 10% 15% 20% 25% 30% 35% 40% 45% 50% 55% 60% 65% 70% 75% 80% 85% 90% 95% 100%
Info     :              Compute weights: 0% 5% 10% 15% 20% 25% 30% 35% 40% 45% 50% 55% 60% 65% 70% 75% 80% 85% 90% 95% 100%
Info     :           Compute internal normalization
Info     :           Compute normalization
Info     :              Level   1: 0% 5% 10% 15% 20% 25% 30% 35% 40% 45% 50% 55% 60% 65% 70% 75% 80% 85% 90% 95% 100%
Info     :           Parameters for processor #     1
Info     :              nc0 =                         1461600
Info     :              nc0a =                          11419
Info     :              nl0 =                               1
Test     :              nc1(  1) =                     233208
Test     :              ns =                           233208
Info     :              nsa =                            2072
Info     :              nsb =                            2204
Info     :              nsc =                            2480
Info     :              Interp. type =                     c0
Info     :              interp_c1b_to_c0a(  1)%n_s =    33482
Test     :              v%n_s =                             1
Info     :              c%n_s[local] =                  82360
Test     :              c%n_s[global] =               8815624
Info     : -------------------------------------------------------------------
Info     : --- Copy and filter C matrix data
Info     : -------------------------------------------------------------------
Info     : --- Compute NICAS parameters
Info     : --- Block: air_temperature
Info     :        Component: 1
Info     :           Compute adaptive sampling, vertical
Info     :              Compute vertical subset L1
Test     :              Effective levels:   1 
Info     :           Compute adaptive sampling, horizontal
Info     :              Sublevel   1/  1 (level   1):
Info     :                 Compute horizontal subset Sc1:
Test     :                    Requested distance between points (min/max/avg):  0.414E+02 km /  0.414E+02 km /  0.414E+02 km
Test     :                    Regular sampling grid size:   233208 points
Test     :                    Nearest neighbor distance (min/max/avg):  0.101E+02 km /  0.517E+02 km /  0.445E+02 km
Test     :                    Effective resolution (min/max/avg):  6.41 / 32.80 /  7.48
Test     :                    Subgrid hash:    437685876
Test     :                 Subgrid size:   233208
Info     :                 Compute halo A and universe conversions and communication for subset Sc1
Info     :                 Get global lon/lat
Info     :                 Compute interpolation from subset Sc1 to subset Sc0, type c0
Info     :                 Compute interpolation: 0% 5% 10% 15% 20% 25% 30% 35% 40% 45% 50% 55% 60% 65% 70% 75% 80% 85% 90% 95% 100%
Info     :                 Compute interpolation from subset Sc0 to subset Sc1
Info     :                    Compute interpolation: 0% 5% 10% 15% 20% 25% 30% 35% 40% 45% 50% 55% 60% 65% 70% 75% 80% 85% 90% 95% 100%
Info     :                 Define halo B, compute conversions and communications for subset Sc1
Info     :                 Define halo B, compute conversions and communications for subset Sc0
Info     :              Define subgrid, conversions and communication
Info     :           Compute convolution data
Info     :              Compute horizontal and vertical parameters
Info     :                 Sublevel   1:
Info     :                    Interpolate fields on convolution grid
Info     :                    Communication field on halo B
Info     :              Count and find nearest neighbors, compute distances: 0% 5% 10% 15% 20% 25% 30% 35% 40% 45% 50% 55% 60% 65% 70% 75% 80% 85% 90% 95% 100%
Info     :              Compute weights: 0% 5% 10% 15% 20% 25% 30% 35% 40% 45% 50% 55% 60% 65% 70% 75% 80% 85% 90% 95% 100%
Info     :           Compute internal normalization
Info     :           Compute normalization
Info     :              Level   1: 0% 5% 10% 15% 20% 25% 30% 35% 40% 45% 50% 55% 60% 65% 70% 75% 80% 85% 90% 95% 100%
Info     :           Parameters for processor #     1
Info     :              nc0 =                         1461600
Info     :              nc0a =                          11419
Info     :              nl0 =                               1
Test     :              nc1(  1) =                     233208
Test     :              ns =                           233208
Info     :              nsa =                            2072
Info     :              nsb =                            2204
Info     :              nsc =                            2480
Info     :              Interp. type =                     c0
Info     :              interp_c1b_to_c0a(  1)%n_s =    33482
Test     :              v%n_s =                             1
Info     :              c%n_s[local] =                  82360
Test     :              c%n_s[global] =               8815624
Info     : -------------------------------------------------------------------
Info     : --- Copy and filter C matrix data
Info     : -------------------------------------------------------------------
Info     : --- Compute NICAS parameters
Info     : --- Block: air_temperature
Info     :        Component: 1
Info     :           Compute adaptive sampling, vertical
Info     :              Compute vertical subset L1
Test     :              Effective levels:   1 
Info     :           Compute adaptive sampling, horizontal
Info     :              Sublevel   1/  1 (level   1):
Info     :                 Compute horizontal subset Sc1:
Test     :                    Requested distance between points (min/max/avg):  0.414E+02 km /  0.414E+02 km /  0.414E+02 km
Test     :                    Regular sampling grid size:   233208 points
Test     :                    Nearest neighbor distance (min/max/avg):  0.101E+02 km /  0.517E+02 km /  0.445E+02 km
Test     :                    Effective resolution (min/max/avg):  6.41 / 32.80 /  7.48
Test     :                    Subgrid hash:    437685876
Test     :                 Subgrid size:   233208
Info     :                 Compute halo A and universe conversions and communication for subset Sc1
Info     :                 Get global lon/lat
Info     :                 Compute interpolation from subset Sc1 to subset Sc0, type c0
Info     :                 Compute interpolation: 0% 5% 10% 15% 20% 25% 30% 35% 40% 45% 50% 55% 60% 65% 70% 75% 80% 85% 90% 95% 100%
Info     :                 Compute interpolation from subset Sc0 to subset Sc1
Info     :                    Compute interpolation: 0% 5% 10% 15% 20% 25% 30% 35% 40% 45% 50% 55% 60% 65% 70% 75% 80% 85% 90% 95% 100%
Info     :                 Define halo B, compute conversions and communications for subset Sc1
Info     :                 Define halo B, compute conversions and communications for subset Sc0
Info     :              Define subgrid, conversions and communication
Info     :           Compute convolution data
Info     :              Compute horizontal and vertical parameters
Info     :                 Sublevel   1:
Info     :                    Interpolate fields on convolution grid
Info     :                    Communication field on halo B
Info     :              Count and find nearest neighbors, compute distances: 0% 5% 10% 15% 20% 25% 30% 35% 40% 45% 50% 55% 60% 65% 70% 75% 80% 85% 90% 95% 100%
Info     :              Compute weights: 0% 5% 10% 15% 20% 25% 30% 35% 40% 45% 50% 55% 60% 65% 70% 75% 80% 85% 90% 95% 100%
Info     :           Compute internal normalization
Info     :           Compute normalization
Info     :              Level   1: 0% 5% 10% 15% 20% 25% 30% 35% 40% 45% 50% 55% 60% 65% 70% 75% 80% 85% 90% 95% 100%
Info     :           Parameters for processor #     1
Info     :              nc0 =                         1461600
Info     :              nc0a =                          11419
Info     :              nl0 =                               1
Test     :              nc1(  1) =                     233208
Test     :              ns =                           233208
Info     :              nsa =                            2072
Info     :              nsb =                            2204
Info     :              nsc =                            2480
Info     :              Interp. type =                     c0
Info     :              interp_c1b_to_c0a(  1)%n_s =    33482
Test     :              v%n_s =                             1
Info     :              c%n_s[local] =                  82360
Test     :              c%n_s[global] =               8815624
Info     : -------------------------------------------------------------------
Info     : --- Copy and filter C matrix data
Info     : -------------------------------------------------------------------
Info     : --- Compute NICAS parameters
Info     : --- Block: air_temperature
Info     :        Component: 1
Info     :           Compute adaptive sampling, vertical
Info     :              Compute vertical subset L1
Test     :              Effective levels:   1 
Info     :           Compute adaptive sampling, horizontal
Info     :              Sublevel   1/  1 (level   1):
Info     :                 Compute horizontal subset Sc1:
Test     :                    Requested distance between points (min/max/avg):  0.414E+02 km /  0.414E+02 km /  0.414E+02 km
Test     :                    Regular sampling grid size:   233208 points
Test     :                    Nearest neighbor distance (min/max/avg):  0.101E+02 km /  0.517E+02 km /  0.445E+02 km
Test     :                    Effective resolution (min/max/avg):  6.41 / 32.80 /  7.48
Test     :                    Subgrid hash:    437685876
Test     :                 Subgrid size:   233208
Info     :                 Compute halo A and universe conversions and communication for subset Sc1
Info     :                 Get global lon/lat
Info     :                 Compute interpolation from subset Sc1 to subset Sc0, type c0
Info     :                 Compute interpolation: 0% 5% 10% 15% 20% 25% 30% 35% 40% 45% 50% 55% 60% 65% 70% 75% 80% 85% 90% 95% 100%
Info     :                 Compute interpolation from subset Sc0 to subset Sc1
Info     :                    Compute interpolation: 0% 5% 10% 15% 20% 25% 30% 35% 40% 45% 50% 55% 60% 65% 70% 75% 80% 85% 90% 95% 100%
Info     :                 Define halo B, compute conversions and communications for subset Sc1
Info     :                 Define halo B, compute conversions and communications for subset Sc0
Info     :              Define subgrid, conversions and communication
Info     :           Compute convolution data
Info     :              Compute horizontal and vertical parameters
Info     :                 Sublevel   1:
Info     :                    Interpolate fields on convolution grid
Info     :                    Communication field on halo B
Info     :              Count and find nearest neighbors, compute distances: 0% 5% 10% 15% 20% 25% 30% 35% 40% 45% 50% 55% 60% 65% 70% 75% 80% 85% 90% 95% 100%
Info     :              Compute weights: 0% 5% 10% 15% 20% 25% 30% 35% 40% 45% 50% 55% 60% 65% 70% 75% 80% 85% 90% 95% 100%
Info     :           Compute internal normalization
Info     :           Compute normalization
Info     :              Level   1: 0% 5% 10% 15% 20% 25% 30% 35% 40% 45% 50% 55% 60% 65% 70% 75% 80% 85% 90% 95% 100%
Info     :           Parameters for processor #     1
Info     :              nc0 =                         1461600
Info     :              nc0a =                          11419
Info     :              nl0 =                               1
Test     :              nc1(  1) =                     233208
Test     :              ns =                           233208
Info     :              nsa =                            2072
Info     :              nsb =                            2204
Info     :              nsc =                            2480
Info     :              Interp. type =                     c0
Info     :              interp_c1b_to_c0a(  1)%n_s =    33482
Test     :              v%n_s =                             1
Info     :              c%n_s[local] =                  82360
Test     :              c%n_s[global] =               8815624
Info     : -------------------------------------------------------------------
Info     : --- Copy and filter C matrix data
Info     : -------------------------------------------------------------------
Info     : --- Compute NICAS parameters
Info     : --- Block: air_temperature
Info     :        Component: 1
Info     :           Compute adaptive sampling, vertical
Info     :              Compute vertical subset L1
Test     :              Effective levels:   1 
Info     :           Compute adaptive sampling, horizontal
Info     :              Sublevel   1/  1 (level   1):
Info     :                 Compute horizontal subset Sc1:
Test     :                    Requested distance between points (min/max/avg):  0.414E+02 km /  0.414E+02 km /  0.414E+02 km
Test     :                    Regular sampling grid size:   233208 points
Test     :                    Nearest neighbor distance (min/max/avg):  0.101E+02 km /  0.517E+02 km /  0.445E+02 km
Test     :                    Effective resolution (min/max/avg):  6.41 / 32.80 /  7.48
Test     :                    Subgrid hash:    437685876
Test     :                 Subgrid size:   233208
Info     :                 Compute halo A and universe conversions and communication for subset Sc1
Info     :                 Get global lon/lat
Info     :                 Compute interpolation from subset Sc1 to subset Sc0, type c0
Info     :                 Compute interpolation: 0% 5% 10% 15% 20% 25% 30% 35% 40% 45% 50% 55% 60% 65% 70% 75% 80% 85% 90% 95% 100%
Info     :                 Compute interpolation from subset Sc0 to subset Sc1
Info     :                    Compute interpolation: 0% 5% 10% 15% 20% 25% 30% 35% 40% 45% 50% 55% 60% 65% 70% 75% 80% 85% 90% 95% 100%
Info     :                 Define halo B, compute conversions and communications for subset Sc1
Info     :                 Define halo B, compute conversions and communications for subset Sc0
Info     :              Define subgrid, conversions and communication
Info     :           Compute convolution data
Info     :              Compute horizontal and vertical parameters
Info     :                 Sublevel   1:
Info     :                    Interpolate fields on convolution grid
Info     :                    Communication field on halo B
Info     :              Count and find nearest neighbors, compute distances: 0% 5% 10% 15% 20% 25% 30% 35% 40% 45% 50% 55% 60% 65% 70% 75% 80% 85% 90% 95% 100%
Info     :              Compute weights: 0% 5% 10% 15% 20% 25% 30% 35% 40% 45% 50% 55% 60% 65% 70% 75% 80% 85% 90% 95% 100%
Info     :           Compute internal normalization
Info     :           Compute normalization
Info     :              Level   1: 0% 5% 10% 15% 20% 25% 30% 35% 40% 45% 50% 55% 60% 65% 70% 75% 80% 85% 90% 95% 100%
Info     :           Parameters for processor #     1
Info     :              nc0 =                         1461600
Info     :              nc0a =                          11419
Info     :              nl0 =                               1
Test     :              nc1(  1) =                     233208
Test     :              ns =                           233208
Info     :              nsa =                            2072
Info     :              nsb =                            2204
Info     :              nsc =                            2480
Info     :              Interp. type =                     c0
Info     :              interp_c1b_to_c0a(  1)%n_s =    33482
Test     :              v%n_s =                             1
Info     :              c%n_s[local] =                  82360
Test     :              c%n_s[global] =               8815624
Info     : -------------------------------------------------------------------
Info     : --- Copy and filter C matrix data
Info     : -------------------------------------------------------------------
Info     : --- Compute NICAS parameters
Info     : --- Block: air_temperature
Info     :        Component: 1
Info     :           Compute adaptive sampling, vertical
Info     :              Compute vertical subset L1
Test     :              Effective levels:   1 
Info     :           Compute adaptive sampling, horizontal
Info     :              Sublevel   1/  1 (level   1):
Info     :                 Compute horizontal subset Sc1:
Test     :                    Requested distance between points (min/max/avg):  0.414E+02 km /  0.414E+02 km /  0.414E+02 km
Test     :                    Regular sampling grid size:   233208 points
Test     :                    Nearest neighbor distance (min/max/avg):  0.101E+02 km /  0.517E+02 km /  0.445E+02 km
Test     :                    Effective resolution (min/max/avg):  6.41 / 32.80 /  7.48
Test     :                    Subgrid hash:    437685876
Test     :                 Subgrid size:   233208
Info     :                 Compute halo A and universe conversions and communication for subset Sc1
Info     :                 Get global lon/lat
Info     :                 Compute interpolation from subset Sc1 to subset Sc0, type c0
Info     :                 Compute interpolation: 0% 5% 10% 15% 20% 25% 30% 35% 40% 45% 50% 55% 60% 65% 70% 75% 80% 85% 90% 95% 100%
Info     :                 Compute interpolation from subset Sc0 to subset Sc1
Info     :                    Compute interpolation: 0% 5% 10% 15% 20% 25% 30% 35% 40% 45% 50% 55% 60% 65% 70% 75% 80% 85% 90% 95% 100%
Info     :                 Define halo B, compute conversions and communications for subset Sc1
Info     :                 Define halo B, compute conversions and communications for subset Sc0
Info     :              Define subgrid, conversions and communication
Info     :           Compute convolution data
Info     :              Compute horizontal and vertical parameters
Info     :                 Sublevel   1:
Info     :                    Interpolate fields on convolution grid
Info     :                    Communication field on halo B
Info     :              Count and find nearest neighbors, compute distances: 0% 5% 10% 15% 20% 25% 30% 35% 40% 45% 50% 55% 60% 65% 70% 75% 80% 85% 90% 95% 100%
Info     :              Compute weights: 0% 5% 10% 15% 20% 25% 30% 35% 40% 45% 50% 55% 60% 65% 70% 75% 80% 85% 90% 95% 100%
Info     :           Compute internal normalization
Info     :           Compute normalization
Info     :              Level   1: 0% 5% 10% 15% 20% 25% 30% 35% 40% 45% 50% 55% 60% 65% 70% 75% 80% 85% 90% 95% 100%
Info     :           Parameters for processor #     1
Info     :              nc0 =                         1461600
Info     :              nc0a =                          11419
Info     :              nl0 =                               1
Test     :              nc1(  1) =                     233208
Test     :              ns =                           233208
Info     :              nsa =                            2072
Info     :              nsb =                            2204
Info     :              nsc =                            2480
Info     :              Interp. type =                     c0
Info     :              interp_c1b_to_c0a(  1)%n_s =    33482
Test     :              v%n_s =                             1
Info     :              c%n_s[local] =                  82360
Test     :              c%n_s[global] =               8815624
Info     : -------------------------------------------------------------------
Info     : --- Copy and filter C matrix data
Info     : -------------------------------------------------------------------
Info     : --- Compute NICAS parameters
Info     : --- Block: air_temperature
Info     :        Component: 1
Info     :           Compute adaptive sampling, vertical
Info     :              Compute vertical subset L1
Test     :              Effective levels:   1 
Info     :           Compute adaptive sampling, horizontal
Info     :              Sublevel   1/  1 (level   1):
Info     :                 Compute horizontal subset Sc1:
Test     :                    Requested distance between points (min/max/avg):  0.414E+02 km /  0.414E+02 km /  0.414E+02 km
Test     :                    Regular sampling grid size:   233208 points
Test     :                    Nearest neighbor distance (min/max/avg):  0.101E+02 km /  0.517E+02 km /  0.445E+02 km
Test     :                    Effective resolution (min/max/avg):  6.41 / 32.80 /  7.48
Test     :                    Subgrid hash:    437685876
Test     :                 Subgrid size:   233208
Info     :                 Compute halo A and universe conversions and communication for subset Sc1
Info     :                 Get global lon/lat
Info     :                 Compute interpolation from subset Sc1 to subset Sc0, type c0
Info     :                 Compute interpolation: 0% 5% 10% 15% 20% 25% 30% 35% 40% 45% 50% 55% 60% 65% 70% 75% 80% 85% 90% 95% 100%
Info     :                 Compute interpolation from subset Sc0 to subset Sc1
Info     :                    Compute interpolation: 0% 5% 10% 15% 20% 25% 30% 35% 40% 45% 50% 55% 60% 65% 70% 75% 80% 85% 90% 95% 100%
Info     :                 Define halo B, compute conversions and communications for subset Sc1
Info     :                 Define halo B, compute conversions and communications for subset Sc0
Info     :              Define subgrid, conversions and communication
Info     :           Compute convolution data
Info     :              Compute horizontal and vertical parameters
Info     :                 Sublevel   1:
Info     :                    Interpolate fields on convolution grid
Info     :                    Communication field on halo B
Info     :              Count and find nearest neighbors, compute distances: 0% 5% 10% 15% 20% 25% 30% 35% 40% 45% 50% 55% 60% 65% 70% 75% 80% 85% 90% 95% 100%
Info     :              Compute weights: 0% 5% 10% 15% 20% 25% 30% 35% 40% 45% 50% 55% 60% 65% 70% 75% 80% 85% 90% 95% 100%
Info     :           Compute internal normalization
Info     :           Compute normalization
Info     :              Level   1: 0% 5% 10% 15% 20% 25% 30% 35% 40% 45% 50% 55% 60% 65% 70% 75% 80% 85% 90% 95% 100%
Info     :           Parameters for processor #     1
Info     :              nc0 =                         1461600
Info     :              nc0a =                          11419
Info     :              nl0 =                               1
Test     :              nc1(  1) =                     233208
Test     :              ns =                           233208
Info     :              nsa =                            2072
Info     :              nsb =                            2204
Info     :              nsc =                            2480
Info     :              Interp. type =                     c0
Info     :              interp_c1b_to_c0a(  1)%n_s =    33482
Test     :              v%n_s =                             1
Info     :              c%n_s[local] =                  82360
Test     :              c%n_s[global] =               8815624
Info     : +++++++++++++++++++++++++++++++++++++++++++++++++++++++++++++++++++
Info     : +++ End of BUMP drivers
Info     : +++++++++++++++++++++++++++++++++++++++++++++++++++++++++++++++++++
Info     : Write calibration data
Info     : +++++++++++++++++++++++++++++++++++++++++++++++++++++++++++++++++++
Info     : +++ Terminate BUMP instance 1 / 1
Info     : -------------------------------------------------------------------
Info     : --- NetCDF I/O report
Info     :        Number of opened files:   0
Info     :        Number of closed files:   0
Info     :        Registry status:   0
Info     : -------------------------------------------------------------------
Info     : --- Internal timers (# / min / max / mean / median, in ms)
Info     :        nicas_setup_sampling          :    11 /     2788.300 /     2872.800 /     2807.745 /     2801.000
Info     :        nicas_setup_interp            :    11 /     5240.300 /     5366.200 /     5314.836 /     5312.400
Info     :        nicas_setup_convol            :    11 /      373.500 /      385.400 /      376.836 /      375.800
Info     :        nicas_setup_norm              :    11 /      199.500 /      207.900 /      201.518 /      201.200
Info     :        nicas_apply_interp_lin        :  2000 /        2.900 /        5.500 /        3.102 /        3.100
Info     :        nicas_apply_interp_com        :  2000 /        0.000 /       16.000 /        0.103 /        0.000
Info     :        nicas_apply_convol_sqrt_lin   :  2000 /        0.100 /        1.100 /        0.267 /        0.300
Info     :        nicas_apply_convol_sqrt_com   :  2000 /        0.000 /        0.300 /        0.037 /        0.000
Info     :        nicas_apply_norm              :  2000 /        0.000 /        0.200 /        0.062 /        0.100
Info     : +++++++++++++++++++++++++++++++++++++++++++++++++++++++++++++++++++
Info     : +++ All BUMP instances terminated
Info     : +++++++++++++++++++++++++++++++++++++++++++++++++++++++++++++++++++

Run: Finishing oops::ErrorCovarianceToolbox<quench>
OOPS_STATS  
OOPS_STATS ----------------------------------------------------------------------------------
OOPS_STATS --------------------------- Object counts ----------------------------------------
OOPS_STATS ----------------------------------------------------------------------------------
OOPS_STATS                                      Total  Simult. Remain    Avg (Mb)    HWM (Mb)
OOPS_STATS oops::Geometry                  :        1       1        
OOPS_STATS oops::State                     :        1       1                0.09        0.09
OOPS_STATS quench::Fields                  :        1       1        
OOPS_STATS quench::Geometry                :        2       2        
OOPS_STATS quench::State                   :        1       1        
OOPS_STATS saber::ErrorCovariance          :        1       1        
OOPS_STATS ----------------------------- Object counts --------------------------------------
OOPS_STATS  
OOPS_STATS --------------------------------------------------------------------------------------------
OOPS_STATS ------------------------------------ Timing Statistics -------------------------------------
OOPS_STATS --------------------------------------------------------------------------------------------
OOPS_STATS Name                                                :   total (ms)   count    time/call (ms)
OOPS_STATS oops::Covariance::SABER::Constructor                :         0.01       1            0.0079
OOPS_STATS oops::Geometry::Geometry                            :       323.96       1          323.9646
OOPS_STATS oops::Geometry::variableSizes                       :         0.00       1            0.0031
OOPS_STATS oops::Geometry::~Geometry                           :         0.12       1            0.1214
OOPS_STATS oops::GeometryData::setGlobalTree                   :       900.02       1          900.0173
OOPS_STATS oops::GeometryData::setLocalTree                    :         8.61       1            8.6083
OOPS_STATS oops::GeometryData::setMeshAndTriangulation         :       192.51       1          192.5060
OOPS_STATS oops::Parameters::deserialize                       :         1.70       5            0.3408
OOPS_STATS oops::Parameters::serialize                         :         2.65      58            0.0457
OOPS_STATS oops::State::State                                  :         0.21       1            0.2130
OOPS_STATS oops::State::toFieldSet                             :         0.02       1            0.0192
OOPS_STATS oops::State::variables                              :         0.00       1            0.0000
OOPS_STATS oops::State::~State                                 :         0.03       1            0.0311
OOPS_STATS saber::ErrorCovariance::ErrorCovariance             :    105147.80       1       105147.7958
OOPS_STATS saber::ErrorCovariance::~ErrorCovariance            :         0.00       1            0.0004
OOPS_STATS saber::bump::NICAS::~NICAS                          :         0.00       1            0.0039
OOPS_STATS util::Timers::Total                                 :    106667.64       1       106667.6385
OOPS_STATS util::Timers::measured                              :    106573.32       1       106573.3208
OOPS_STATS ------------------------------------ Timing Statistics -------------------------------------

OOPS_STATS ------------------------------------------------------------------------------------------------------------------
OOPS_STATS ---------------------------------- Parallel Timing Statistics ( 128 MPI tasks) -----------------------------------
OOPS_STATS ------------------------------------------------------------------------------------------------------------------
OOPS_STATS Name                                                :     min (ms)    max (ms)    avg (ms)     % total   imbal (%)
OOPS_STATS oops::Geometry::Geometry                            :       323.81      332.84      327.52        0.31        2.76
OOPS_STATS oops::GeometryData::setGlobalTree                   :       815.79      950.61      903.04        0.85       14.93
OOPS_STATS oops::GeometryData::setMeshAndTriangulation         :       192.39      192.59      192.47        0.18        0.11
OOPS_STATS util::Timers::Total                                 :    106632.73   106681.81   106670.64      100.00        0.05
OOPS_STATS util::Timers::measured                              :    106393.03   106573.32   106399.09       99.75        0.17
OOPS_STATS ---------------------------------- Parallel Timing Statistics ( 128 MPI tasks) -----------------------------------

OOPS_STATS Run end                                  - Runtime:    111.44 sec,  Memory: total:   107.48 Gb, per task: min =   810.01 Mb, max =  1241.19 Mb
Run: Finishing oops::ErrorCovarianceToolbox<quench> with status = 0
