Input Dirac increment:
- Valid time: 2010-01-01T12:00:00Z
  Geometry: L40x21 [840]
  Fields:
  - air_horizontal_streamfunction (2 levels):
    + min    = 0.0000000000000000e+00
    + max    = 1.0000000000000000e+00
    + mean   = 6.5616797900262466e-04
    + stddev = 2.5615775978927613e-02
Norm of input parameter StdDev: 3.9229848438112732e+01
       Independent levels:  1[2]
          Subset Sc0 size:              762
          Domain area (% of Earth area): 0.100E+03%
             Level   1 ~> 100.0%
             Level   2 ~> 100.0%
             Level   1 ~>  0.100E+01 vert. coord.
             Level   2 ~>  0.200E+01 vert. coord.
Square-root test for block BUMP_NICAS passed
Adjoint test for block Ensemble passed
Square-root test for block Ensemble passed
Covariance(SABER) * Increment:
- Valid time: 2010-01-01T12:00:00Z
  Geometry: L40x21 [840]
  Fields:
  - air_horizontal_streamfunction (2 levels):
    + min    = -3.5169570259916079e-02
    + max    = 1.5502093305887765e+00
    + mean   = 6.2301237352765755e-03
    + stddev = 6.4895532708861836e-02
