       Independent levels:  1[2]
          Subset Sc0 size:              762
          Domain area (% of Earth area): 0.100E+03%
             Level   1 ~> 100.0%
             Level   2 ~> 100.0%
             Level   1 ~>  0.100E+01 vert. coord.
             Level   2 ~>  0.200E+01 vert. coord.
       Independent levels:  1[1]
          Subset Sc0 size:              762
          Domain area (% of Earth area): 0.100E+03%
             Level   1 ~> 100.0%
             Level   1 ~>  0.100E+01 vert. coord.
Norm of input parameter a - 1: 5.0808620707443012e+01
Norm of input parameter a - 2: 1.1174545682972937e+01
Norm of input parameter rh1 - 1: 2.8694684170467079e+08
Norm of input parameter rh1 - 2: 2.4892482296903673e+08
Norm of input parameter rh2 - 1: 3.0636917043196994e+08
Norm of input parameter rh2 - 2: 2.6604399704367176e+08
Norm of input parameter rhc - 1: 7.8680668989728186e+00
Norm of input parameter rhc - 2: 7.8680668989728186e+00
Norm of input parameter rv - 1: 1.9245091199721224e+02
Norm of input parameter rv - 2: 3.2384804082426633e+01
             Effective levels:   1   2 
                   Requested distance between points (min/max/avg):  0.831E+03 km /  0.104E+04 km /  0.914E+03 km
                   Regular sampling grid size:     5248 points
                   Nearest neighbor distance (min/max/avg):  0.752E+03 km /  0.122E+04 km /  0.925E+03 km
                   Effective resolution (min/max/avg):  3.74 /  6.01 /  4.94
                   Subgrid hash:   1564716506
                Subgrid size:      420
                   Requested distance between points (min/max/avg):  0.847E+03 km /  0.109E+04 km /  0.923E+03 km
                   Regular sampling grid size:     4960 points
                   Nearest neighbor distance (min/max/avg):  0.721E+03 km /  0.130E+04 km /  0.941E+03 km
                   Effective resolution (min/max/avg):  3.71 /  6.07 /  4.95
                   Subgrid hash:   1008162784
                Subgrid size:      414
             nc1(  1) =                        420
             nc1(  2) =                        414
             ns =                              834
             v%n_s =                             2
             c%n_s[global] =                 23181
             Effective levels:   1   2 
                   Requested distance between points (min/max/avg):  0.625E+03 km /  0.918E+03 km /  0.805E+03 km
                   Regular sampling grid size:     9328 points
                   Nearest neighbor distance (min/max/avg):  0.574E+03 km /  0.110E+04 km /  0.798E+03 km
                   Effective resolution (min/max/avg):  3.82 /  5.89 /  4.94
                   Subgrid hash:  -1524584340
                Subgrid size:      574
                   Requested distance between points (min/max/avg):  0.638E+03 km /  0.881E+03 km /  0.790E+03 km
                   Regular sampling grid size:     8944 points
                   Nearest neighbor distance (min/max/avg):  0.592E+03 km /  0.112E+04 km /  0.796E+03 km
                   Effective resolution (min/max/avg):  3.57 /  6.10 /  4.91
                   Subgrid hash:    677957576
                Subgrid size:      587
             nc1(  1) =                        574
             nc1(  2) =                        587
             ns =                             1161
             v%n_s =                             2
             c%n_s[global] =                 16689
             nc1(  1) =                        420
             nc1(  2) =                        414
             ns =                              834
             v%n_s =                             2
             c%n_s[global] =                 24358
             nc1(  1) =                        574
             nc1(  2) =                        587
             ns =                             1161
             v%n_s =                             2
             c%n_s[global] =                 16916
    Full NICAS adjoint test result:                        T
       Block NICAS adjoint test result:                    T
          Interpolation adjoint test (horizontal) result:  T
          Interpolation adjoint test (vertical) result:    T
          Interpolation adjoint test (total) result:       T
          Communication AB adjoint test result:            T
          Communication AC adjoint test result:            T
          Convolution / communication adjoint test result: T
          Component NICAS adjoint test result:             T
          Interpolation adjoint test (horizontal) result:  T
          Interpolation adjoint test (vertical) result:    T
          Interpolation adjoint test (total) result:       T
          Communication AB adjoint test result:            T
          Communication AC adjoint test result:            T
          Convolution / communication adjoint test result: T
          Component NICAS adjoint test result:             T
       Block NICAS adjoint test result:                    T
          Interpolation adjoint test (horizontal) result:  T
          Interpolation adjoint test (vertical) result:    T
          Interpolation adjoint test (total) result:       T
          Communication AB adjoint test result:            T
          Communication AC adjoint test result:            T
          Convolution / communication adjoint test result: T
          Component NICAS adjoint test result:             T
          Interpolation adjoint test (horizontal) result:  T
          Interpolation adjoint test (vertical) result:    T
          Interpolation adjoint test (total) result:       T
          Communication AB adjoint test result:            T
          Communication AC adjoint test result:            T
          Convolution / communication adjoint test result: T
          Component NICAS adjoint test result:             T
             0.0 /    0.0:  1.0000000
          Level   1:  0.0000000 -  1.0000000
          Level   2:  0.0000000 -  0.5520310
             0.0 /    0.0:  0.0000000
          Level   1:  0.0000000 -  0.0000000
          Level   2:  0.0000000 -  0.0000000
             Effective levels:   1 
                   Requested distance between points (min/max/avg):  0.803E+03 km /  0.108E+04 km /  0.913E+03 km
                   Regular sampling grid size:     5544 points
                   Nearest neighbor distance (min/max/avg):  0.754E+03 km /  0.125E+04 km /  0.935E+03 km
                   Effective resolution (min/max/avg):  3.89 /  6.09 /  4.95
                   Subgrid hash:   -760141593
                Subgrid size:      411
             nc1(  1) =                        411
             ns =                              411
             v%n_s =                             1
             c%n_s[global] =                  5357
             Effective levels:   1 
                   Requested distance between points (min/max/avg):  0.788E+03 km /  0.931E+03 km /  0.847E+03 km
                   Regular sampling grid size:     5848 points
                   Nearest neighbor distance (min/max/avg):  0.691E+03 km /  0.115E+04 km /  0.862E+03 km
                   Effective resolution (min/max/avg):  3.97 /  6.20 /  4.96
                   Subgrid hash:  -1879149144
                Subgrid size:      486
             nc1(  1) =                        486
             ns =                              486
             v%n_s =                             1
             c%n_s[global] =                  6422
    Full NICAS adjoint test result:                        T
       Block NICAS adjoint test result:                    T
          Interpolation adjoint test (horizontal) result:  T
          Interpolation adjoint test (vertical) result:    T
          Interpolation adjoint test (total) result:       T
          Communication AB adjoint test result:            T
          Communication AC adjoint test result:            T
          Convolution / communication adjoint test result: T
          Component NICAS adjoint test result:             T
          Interpolation adjoint test (horizontal) result:  T
          Interpolation adjoint test (vertical) result:    T
          Interpolation adjoint test (total) result:       T
          Communication AB adjoint test result:            T
          Communication AC adjoint test result:            T
          Convolution / communication adjoint test result: T
          Component NICAS adjoint test result:             T
             0.0 /    0.0:  1.0000000
          Level   1:  0.0000000 -  1.0000000
