       Independent levels:  1[2]
          Subset Sc0 size:              762
          Domain area (% of Earth area): 0.100E+03%
             Level   1 ~> 100.0%
             Level   2 ~> 100.0%
             Level   1 ~>  0.100E+01 vert. coord.
             Level   2 ~>  0.200E+01 vert. coord.
             Level   1 ~>  0.10360E+01 /  0.10360E+01
             Level   2 ~>  0.98368E+00 /  0.98368E+00
             Level   1 ~>  0.94243E+00 /  0.94243E+00
             Level   2 ~>  0.10470E+01 /  0.10470E+01
Norm of output parameter stddev - 1: 5.5271073069144208e+01
