       Independent levels:  1[2]
          Subset Sc0 size:              173
          Domain area (% of Earth area): 0.100E+03%
             Level   1 ~> 100.0%
             Level   2 ~> 100.0%
             Level   1 ~>  0.100E+01 vert. coord.
             Level   2 ~>  0.200E+01 vert. coord.
          Norm of air_horizontal_streamfunction:  0.19291580E+02
          Norm of air_horizontal_streamfunction:  0.18682673E+02
          Norm of air_horizontal_streamfunction:  0.20336266E+02
          Norm of air_horizontal_streamfunction:  0.17426982E+02
          Norm of air_horizontal_streamfunction:  0.17650943E+02
          Norm of air_horizontal_streamfunction:  0.15224969E+02
          Norm of air_horizontal_streamfunction:  0.17619492E+02
          Norm of air_horizontal_streamfunction:  0.18148869E+02
          Norm of air_horizontal_streamfunction:  0.16772895E+02
          Norm of air_horizontal_streamfunction:  0.18312900E+02
          Norm of air_horizontal_streamfunction:  0.16785702E+02
          Norm of air_horizontal_streamfunction:  0.18230402E+02
          Norm of air_horizontal_streamfunction:  0.18741296E+02
          Norm of air_horizontal_streamfunction:  0.17841146E+02
          Norm of air_horizontal_streamfunction:  0.16668751E+02
          Norm of air_horizontal_streamfunction:  0.17608556E+02
          Norm of air_horizontal_streamfunction:  0.19454335E+02
          Norm of air_horizontal_streamfunction:  0.20091074E+02
          Norm of air_horizontal_streamfunction:  0.16726190E+02
          Norm of air_horizontal_streamfunction:  0.17224099E+02
          Norm of air_horizontal_streamfunction:  0.17567775E+02
          Norm of air_horizontal_streamfunction:  0.19012923E+02
          Norm of air_horizontal_streamfunction:  0.17328021E+02
          Norm of air_horizontal_streamfunction:  0.17775480E+02
          Norm of air_horizontal_streamfunction:  0.19685257E+02
          Level   1 ~> 100.0%
          Level   2 ~> 100.0%
             -90.00 deg.  ~>100-100-100-100-100-100-100-100-100-100 
             -45.00 deg.  ~>100-100-100-100-100-100-100-100-100-100 
               0.00 deg.  ~>100-100-100-100-100-100-100-100-100-100 
              45.00 deg.  ~>100-100-100-100-100-100-100-100-100-100 
             -90.00 deg.  ~>100-100-100-100-100-100-100-100-100-100 
             -45.00 deg.  ~>100-100-100-100-100-100-100-100-100-100 
               0.00 deg.  ~>100-100-100-100-100-100-100-100-100-100 
              45.00 deg.  ~>100-100-100-100-100-100-100-100-100-100 
          nc1 =      173
          Independent levels:  1[2]
          Independent levels for angular sector   1 / class   1:  1[2]
          Independent levels for angular sector   1 / class   2:  1[2]
          Independent levels for angular sector   1 / class   3:  1[2]
          Independent levels for angular sector   1 / class   4:  1[2]
          Independent levels for angular sector   1 / class   5:  1[2]
          Independent levels for angular sector   1 / class   6:  1[2]
          Independent levels for angular sector   1 / class   7:  1[2]
          Independent levels for angular sector   1 / class   8:  1[2]
          Independent levels for angular sector   1 / class   9:  1[2]
          Independent levels for angular sector   1 / class  10:  1[2]
          Independent levels for angular sector   2 / class   1:  1[2]
          Independent levels for angular sector   2 / class   2:  1[2]
          Independent levels for angular sector   2 / class   3:  1[2]
          Independent levels for angular sector   2 / class   4:  1[2]
          Independent levels for angular sector   2 / class   5:  1[2]
          Independent levels for angular sector   2 / class   6:  1[2]
          Independent levels for angular sector   2 / class   7:  1[2]
          Independent levels for angular sector   2 / class   8:  1[2]
          Independent levels for angular sector   2 / class   9:  1[2]
          Independent levels for angular sector   2 / class  10:  1[2]
          Independent levels for angular sector   3 / class   1:  1[2]
          Independent levels for angular sector   3 / class   2:  1[2]
          Independent levels for angular sector   3 / class   3:  1[2]
          Independent levels for angular sector   3 / class   4:  1[2]
          Independent levels for angular sector   3 / class   5:  1[2]
          Independent levels for angular sector   3 / class   6:  1[2]
          Independent levels for angular sector   3 / class   7:  1[2]
          Independent levels for angular sector   3 / class   8:  1[2]
          Independent levels for angular sector   3 / class   9:  1[2]
          Independent levels for angular sector   3 / class  10:  1[2]
          Independent levels for angular sector   4 / class   1:  1[2]
          Independent levels for angular sector   4 / class   2:  1[2]
          Independent levels for angular sector   4 / class   3:  1[2]
          Independent levels for angular sector   4 / class   4:  1[2]
          Independent levels for angular sector   4 / class   5:  1[2]
          Independent levels for angular sector   4 / class   6:  1[2]
          Independent levels for angular sector   4 / class   7:  1[2]
          Independent levels for angular sector   4 / class   8:  1[2]
          Independent levels for angular sector   4 / class   9:  1[2]
          Independent levels for angular sector   4 / class  10:  1[2]
                Level:   1 ~> cov. at class zero:  0.94E+00
                Level:   2 ~> cov. at class zero:  0.94E+00
             Block air_horizontal_streamfunction:  0.17291958E+00 for      160 diagnostic points
                   Level:   1 ~> amplitude:        0.64
                                 cor. hor. support:      5470.36 km
                                 cor. ver. support:         6.96 vertical units
                   Level:   2 ~> amplitude:        0.65
                                 cor. hor. support:      5345.81 km
                                 cor. ver. support:         6.92 vertical units
                   Level:   1 ~> amplitude:        0.36
                                 cor. hor. support:      3076.21 km
                                 cor. ver. support:         0.70 vertical units
                   Level:   2 ~> amplitude:        0.35
                                 cor. hor. support:      3006.17 km
                                 cor. ver. support:         0.69 vertical units
             Effective levels:   1   2 
                   Requested distance between points (min/max/avg):  0.109E+04 km /  0.109E+04 km /  0.109E+04 km
                   Regular sampling grid size:      280 points
                   Nearest neighbor distance (min/max/avg):  0.452E+03 km /  0.113E+04 km /  0.958E+03 km
                   Effective resolution (min/max/avg):  4.85 / 12.09 /  6.28
                   Subgrid hash:  -1121648371
                Subgrid size:      280
                   Requested distance between points (min/max/avg):  0.107E+04 km /  0.107E+04 km /  0.107E+04 km
                   Regular sampling grid size:      280 points
                   Nearest neighbor distance (min/max/avg):  0.452E+03 km /  0.113E+04 km /  0.958E+03 km
                   Effective resolution (min/max/avg):  4.74 / 11.81 /  6.14
                   Subgrid hash:  -1121648371
                Subgrid size:      280
             nc1(  1) =                        280
             nc1(  2) =                        280
             ns =                              560
             v%n_s =                             2
             c%n_s[global] =                 15056
             Effective levels:   1   2 
                   Requested distance between points (min/max/avg):  0.615E+03 km /  0.615E+03 km /  0.615E+03 km
                   Regular sampling grid size:     1008 points
                   Nearest neighbor distance (min/max/avg):  0.195E+03 km /  0.699E+03 km /  0.620E+03 km
                   Effective resolution (min/max/avg):  4.40 / 15.75 /  5.36
                   Subgrid hash:    682755028
                Subgrid size:     1008
                   Requested distance between points (min/max/avg):  0.601E+03 km /  0.601E+03 km /  0.601E+03 km
                   Regular sampling grid size:     1008 points
                   Nearest neighbor distance (min/max/avg):  0.195E+03 km /  0.699E+03 km /  0.620E+03 km
                   Effective resolution (min/max/avg):  4.30 / 15.39 /  5.24
                   Subgrid hash:    682755028
                Subgrid size:     1008
             nc1(  1) =                       1008
             nc1(  2) =                       1008
             ns =                             2016
             v%n_s =                             2
             c%n_s[global] =                 26632
    Full NICAS adjoint test result:                        T
       Block NICAS adjoint test result:                    T
          Interpolation adjoint test (horizontal) result:  T
          Interpolation adjoint test (vertical) result:    T
          Interpolation adjoint test (total) result:       T
          Communication AB adjoint test result:            T
          Communication AC adjoint test result:            T
          Convolution / communication adjoint test result: T
          Component NICAS adjoint test result:             T
          Interpolation adjoint test (horizontal) result:  T
          Interpolation adjoint test (vertical) result:    T
          Interpolation adjoint test (total) result:       T
          Communication AB adjoint test result:            T
          Communication AC adjoint test result:            T
          Convolution / communication adjoint test result: T
          Component NICAS adjoint test result:             T
             Min / max: 1.0000000 /  1.0000000 over     10 tests
             Min / max: 1.0000000 /  1.0000000 over     10 tests
             Min / max: 1.0000000 /  1.0000000 over     10 tests
             0.0 /    0.0:  1.0000000
          Level   1:  0.0000000 -  1.0000000
          Level   2:  0.0000000 -  0.6082334
Norm of output parameter dirac_mom - 1: 4.2778369028379810e+00
Norm of output parameter dirac_diag_cor - 1: 1.6781275545105920e+00
Norm of output parameter cor_a - 1: 1.1983281865650230e+01
Norm of output parameter cor_a - 2: 6.6178258987461200e+00
Norm of output parameter cor_rh1 - 1: 9.4810271295382217e+07
Norm of output parameter cor_rh1 - 2: 5.3315733601928987e+07
Norm of output parameter cor_rh2 - 1: 1.0687290772169642e+08
Norm of output parameter cor_rh2 - 2: 6.0099052555196568e+07
Norm of output parameter cor_rhc - 1: 7.8520742644120833e-01
Norm of output parameter cor_rhc - 2: 7.8520742644120833e-01
Norm of output parameter cor_rh - 1: 1.0060284207685500e+08
Norm of output parameter cor_rh - 2: 5.6573135531443618e+07
Norm of output parameter cor_rv - 1: 1.2914208638024368e+02
Norm of output parameter cor_rv - 2: 1.2914208638051834e+01
Norm of output parameter nicas_norm - 1: 2.0831362011296008e+01
