       Independent levels:  1[2]
          Subset Sc0 size:              762
          Domain area (% of Earth area): 0.100E+03%
             Level   1 ~> 100.0%
             Level   2 ~> 100.0%
             Level   1 ~>  0.100E+01 vert. coord.
             Level   2 ~>  0.200E+01 vert. coord.
             Effective levels:   1   2 
                   Requested distance between points (min/max/avg):  0.800E+03 km /  0.800E+03 km /  0.800E+03 km
                   Regular sampling grid size:      544 points
                   Nearest neighbor distance (min/max/avg):  0.289E+03 km /  0.889E+03 km /  0.774E+03 km
                   Effective resolution (min/max/avg):  4.50 / 13.82 /  5.67
                   Subgrid hash:   -474283508
                Subgrid size:      544
             nc1(  1) =                        544
             nc1(  2) =                        544
             ns =                             1088
             v%n_s =                             2
             c%n_s[global] =                 30688
             nc1(  1) =                        544
             nc1(  2) =                        544
             ns =                             1088
             v%n_s =                             2
             c%n_s[global] =                 30688
    Full NICAS adjoint test result:                        T
       Block NICAS adjoint test result:                    T
          Interpolation adjoint test (horizontal) result:  T
          Interpolation adjoint test (vertical) result:    T
          Interpolation adjoint test (total) result:       T
          Communication AB adjoint test result:            T
          Communication AC adjoint test result:            T
          Convolution / communication adjoint test result: T
          Component NICAS adjoint test result:             T
       Block NICAS adjoint test result:                    T
          Interpolation adjoint test (horizontal) result:  T
          Interpolation adjoint test (vertical) result:    T
          Interpolation adjoint test (total) result:       T
          Communication AB adjoint test result:            T
          Communication AC adjoint test result:            T
          Convolution / communication adjoint test result: T
          Component NICAS adjoint test result:             T
             Min / max: 1.0000000 /  1.0000000 over     50 tests
             Min / max: 0.7875218 /  1.3374898 over     50 tests
             Min / max: 1.0000000 /  1.0000000 over     50 tests
             Min / max: 0.7483467 /  1.4342025 over     50 tests
             0.0 /    0.0:  1.2766833
          Level   1:  0.0000000 -  1.2766833
          Level   2:  0.0000000 -  0.7597697
             0.0 /    0.0:  0.0000000
          Level   1:  0.0000000 -  0.0000000
          Level   2:  0.0000000 -  0.0000000
Norm of output parameter cor_rh - 1: 2.2083477986947617e+08
Norm of output parameter cor_rv - 1: 1.6562608490210712e+02
