       Independent levels:  1[2]
          Subset Sc0 size:              762
          Domain area (% of Earth area): 0.100E+03%
             Level   1 ~> 100.0%
             Level   2 ~> 100.0%
             Level   1 ~>  0.100E+01 vert. coord.
             Level   2 ~>  0.200E+01 vert. coord.
          Norm of air_horizontal_streamfunction:  0.39822027E+02
          Norm of air_horizontal_velocity_potential:  0.39954415E+02
          Norm of air_pressure_at_surface:  0.25823472E+02
          Norm of air_horizontal_streamfunction:  0.35600374E+02
          Norm of air_horizontal_velocity_potential:  0.32955179E+02
          Norm of air_pressure_at_surface:  0.28020456E+02
          Norm of air_horizontal_streamfunction:  0.35083550E+02
          Norm of air_horizontal_velocity_potential:  0.41622928E+02
          Norm of air_pressure_at_surface:  0.26236883E+02
          Norm of air_horizontal_streamfunction:  0.39162682E+02
          Norm of air_horizontal_velocity_potential:  0.35761960E+02
          Norm of air_pressure_at_surface:  0.25799036E+02
          Norm of air_horizontal_streamfunction:  0.36504800E+02
          Norm of air_horizontal_velocity_potential:  0.39846760E+02
          Norm of air_pressure_at_surface:  0.29332997E+02
          Norm of air_horizontal_streamfunction:  0.36303916E+02
          Norm of air_horizontal_velocity_potential:  0.40056475E+02
          Norm of air_pressure_at_surface:  0.27008193E+02
          Norm of air_horizontal_streamfunction:  0.45320839E+02
          Norm of air_horizontal_velocity_potential:  0.36840619E+02
          Norm of air_pressure_at_surface:  0.34117199E+02
          Norm of air_horizontal_streamfunction:  0.39819342E+02
          Norm of air_horizontal_velocity_potential:  0.33921996E+02
          Norm of air_pressure_at_surface:  0.25506885E+02
          Norm of air_horizontal_streamfunction:  0.37139412E+02
          Norm of air_horizontal_velocity_potential:  0.37775323E+02
          Norm of air_pressure_at_surface:  0.27281027E+02
          Norm of air_horizontal_streamfunction:  0.39703839E+02
          Norm of air_horizontal_velocity_potential:  0.40263886E+02
          Norm of air_pressure_at_surface:  0.24324478E+02
          Norm of air_horizontal_streamfunction:  0.43916070E+02
          Norm of air_horizontal_velocity_potential:  0.39482377E+02
          Norm of air_pressure_at_surface:  0.25842948E+02
          Norm of air_horizontal_streamfunction:  0.39517867E+02
          Norm of air_horizontal_velocity_potential:  0.37881524E+02
          Norm of air_pressure_at_surface:  0.25190246E+02
          Norm of air_horizontal_streamfunction:  0.37640791E+02
          Norm of air_horizontal_velocity_potential:  0.40633617E+02
          Norm of air_pressure_at_surface:  0.22978969E+02
          Norm of air_horizontal_streamfunction:  0.41172555E+02
          Norm of air_horizontal_velocity_potential:  0.39518809E+02
          Norm of air_pressure_at_surface:  0.23359893E+02
          Norm of air_horizontal_streamfunction:  0.42742426E+02
          Norm of air_horizontal_velocity_potential:  0.37879308E+02
          Norm of air_pressure_at_surface:  0.23436386E+02
          Norm of air_horizontal_streamfunction:  0.29819172E+02
          Norm of air_horizontal_velocity_potential:  0.35612212E+02
          Norm of air_pressure_at_surface:  0.26471099E+02
          Norm of air_horizontal_streamfunction:  0.39708695E+02
          Norm of air_horizontal_velocity_potential:  0.38182131E+02
          Norm of air_pressure_at_surface:  0.25653673E+02
          Norm of air_horizontal_streamfunction:  0.33395328E+02
          Norm of air_horizontal_velocity_potential:  0.37946391E+02
          Norm of air_pressure_at_surface:  0.26292953E+02
          Norm of air_horizontal_streamfunction:  0.37898864E+02
          Norm of air_horizontal_velocity_potential:  0.40789101E+02
          Norm of air_pressure_at_surface:  0.25200736E+02
          Norm of air_horizontal_streamfunction:  0.39896394E+02
          Norm of air_horizontal_velocity_potential:  0.38334677E+02
          Norm of air_pressure_at_surface:  0.24369534E+02
          Norm of air_horizontal_streamfunction:  0.39124835E+02
          Norm of air_horizontal_velocity_potential:  0.38747317E+02
          Norm of air_pressure_at_surface:  0.21669287E+02
          Norm of air_horizontal_streamfunction:  0.36526977E+02
          Norm of air_horizontal_velocity_potential:  0.38396368E+02
          Norm of air_pressure_at_surface:  0.23650439E+02
          Norm of air_horizontal_streamfunction:  0.37452478E+02
          Norm of air_horizontal_velocity_potential:  0.40958474E+02
          Norm of air_pressure_at_surface:  0.23471641E+02
          Norm of air_horizontal_streamfunction:  0.38654033E+02
          Norm of air_horizontal_velocity_potential:  0.40744345E+02
          Norm of air_pressure_at_surface:  0.27661351E+02
          Norm of air_horizontal_streamfunction:  0.37067916E+02
          Norm of air_horizontal_velocity_potential:  0.42188472E+02
          Norm of air_pressure_at_surface:  0.26749816E+02
          Level   1 ~> 100.0%
          Level   2 ~> 100.0%
          Subgrid hash:   1534185147
             -90.00 deg.  ~>100-100-100-100-100-100-100-100-100-100 
             -45.00 deg.  ~>100-100-100-100-100-100-100-100-100-100 
               0.00 deg.  ~>100-100-100-100-100-100-100-100-100-100 
              45.00 deg.  ~>100-100-100-100-100-100-100-100-100-100 
             -90.00 deg.  ~>100-100-100-100-100-100-100-100-100-100 
             -45.00 deg.  ~>100-100-100-100-100-100-100-100-100-100 
               0.00 deg.  ~>100-100-100-100-100-100-100-100-100-100 
              45.00 deg.  ~>100-100-100-100-100-100-100-100-100-100 
          nc1 =      520
          Independent levels:  1[2]
          Independent levels for angular sector   1 / class   1:  1[2]
          Independent levels for angular sector   1 / class   2:  1[2]
          Independent levels for angular sector   1 / class   3:  1[2]
          Independent levels for angular sector   1 / class   4:  1[2]
          Independent levels for angular sector   1 / class   5:  1[2]
          Independent levels for angular sector   1 / class   6:  1[2]
          Independent levels for angular sector   1 / class   7:  1[2]
          Independent levels for angular sector   1 / class   8:  1[2]
          Independent levels for angular sector   1 / class   9:  1[2]
          Independent levels for angular sector   1 / class  10:  1[2]
          Independent levels for angular sector   2 / class   1:  1[2]
          Independent levels for angular sector   2 / class   2:  1[2]
          Independent levels for angular sector   2 / class   3:  1[2]
          Independent levels for angular sector   2 / class   4:  1[2]
          Independent levels for angular sector   2 / class   5:  1[2]
          Independent levels for angular sector   2 / class   6:  1[2]
          Independent levels for angular sector   2 / class   7:  1[2]
          Independent levels for angular sector   2 / class   8:  1[2]
          Independent levels for angular sector   2 / class   9:  1[2]
          Independent levels for angular sector   2 / class  10:  1[2]
          Independent levels for angular sector   3 / class   1:  1[2]
          Independent levels for angular sector   3 / class   2:  1[2]
          Independent levels for angular sector   3 / class   3:  1[2]
          Independent levels for angular sector   3 / class   4:  1[2]
          Independent levels for angular sector   3 / class   5:  1[2]
          Independent levels for angular sector   3 / class   6:  1[2]
          Independent levels for angular sector   3 / class   7:  1[2]
          Independent levels for angular sector   3 / class   8:  1[2]
          Independent levels for angular sector   3 / class   9:  1[2]
          Independent levels for angular sector   3 / class  10:  1[2]
          Independent levels for angular sector   4 / class   1:  1[2]
          Independent levels for angular sector   4 / class   2:  1[2]
          Independent levels for angular sector   4 / class   3:  1[2]
          Independent levels for angular sector   4 / class   4:  1[2]
          Independent levels for angular sector   4 / class   5:  1[2]
          Independent levels for angular sector   4 / class   6:  1[2]
          Independent levels for angular sector   4 / class   7:  1[2]
          Independent levels for angular sector   4 / class   8:  1[2]
          Independent levels for angular sector   4 / class   9:  1[2]
          Independent levels for angular sector   4 / class  10:  1[2]
                Level:   1 ~> cov. at class zero:  0.97E+00
                Level:   2 ~> cov. at class zero:  0.99E+00
                Level:   1 ~> cov. at class zero:  0.10E+01
                Level:   2 ~> cov. at class zero:  0.10E+01
             Block group 1:  0.15219559E+00 for      160 diagnostic points
             Block group 2:  0.16227726E+00 for      160 diagnostic points
                   Level:   1 ~> amplitude:        1.00
                                 cor. hor. support:      4412.06 km
                                 cor. ver. support:         3.19 vertical units
                   Level:   2 ~> amplitude:        1.00
                                 cor. hor. support:      4494.96 km
                                 cor. ver. support:         3.19 vertical units
                   Level:   1 ~> amplitude:        1.00
                                 cor. hor. support:      4509.78 km
                                 cor. ver. support:         3.07 vertical units
                   Level:   2 ~> amplitude:        1.00
                                 cor. hor. support:      4544.97 km
                                 cor. ver. support:         3.07 vertical units
             Block group 1:  0.25785814E+00 for      121 diagnostic points
             Block group 2:  0.26444104E+00 for      140 diagnostic points
                Level:   1 ~> loc. at class zero:       0.92
                Level:   2 ~> loc. at class zero:       0.93
                   Level:   1 ~> amplitude:        1.00
                                 loc. hor. support:      6334.59 km
                                 loc. ver. support:         5.99 vertical units
                   Level:   2 ~> amplitude:        1.00
                                 loc. hor. support:      6630.13 km
                                 loc. ver. support:         5.99 vertical units
                Level:   1 ~> loc. at class zero:       0.92
                Level:   2 ~> loc. at class zero:       0.92
                   Level:   1 ~> amplitude:        1.00
                                 loc. hor. support:      6716.25 km
                                 loc. ver. support:         5.69 vertical units
                   Level:   2 ~> amplitude:        1.00
                                 loc. hor. support:      6348.28 km
                                 loc. ver. support:         5.69 vertical units
Norm of output parameter loc_rh - 1: 3.9966415860224855e+08
Norm of output parameter loc_rv - 1: 3.6245179639276660e+02
