       Independent levels:  1[2]
          Subset Sc0 size:              762
          Domain area (% of Earth area): 0.100E+03%
             Level   1 ~> 100.0%
             Level   2 ~> 100.0%
             Level   1 ~>  0.100E+01 vert. coord.
             Level   2 ~>  0.200E+01 vert. coord.
          Norm of air_horizontal_streamfunction:  0.39822027E+02
          Norm of air_horizontal_velocity_potential:  0.39954415E+02
          Norm of air_pressure_at_surface:  0.25823472E+02
          Norm of air_horizontal_streamfunction:  0.35600374E+02
          Norm of air_horizontal_velocity_potential:  0.32955179E+02
          Norm of air_pressure_at_surface:  0.28020456E+02
          Norm of air_horizontal_streamfunction:  0.35083550E+02
          Norm of air_horizontal_velocity_potential:  0.41622928E+02
          Norm of air_pressure_at_surface:  0.26236883E+02
          Norm of air_horizontal_streamfunction:  0.39162682E+02
          Norm of air_horizontal_velocity_potential:  0.35761960E+02
          Norm of air_pressure_at_surface:  0.25799036E+02
          Norm of air_horizontal_streamfunction:  0.36504800E+02
          Norm of air_horizontal_velocity_potential:  0.39846760E+02
          Norm of air_pressure_at_surface:  0.29332997E+02
          Norm of air_horizontal_streamfunction:  0.36303916E+02
          Norm of air_horizontal_velocity_potential:  0.40056475E+02
          Norm of air_pressure_at_surface:  0.27008193E+02
          Norm of air_horizontal_streamfunction:  0.45320839E+02
          Norm of air_horizontal_velocity_potential:  0.36840619E+02
          Norm of air_pressure_at_surface:  0.34117199E+02
          Norm of air_horizontal_streamfunction:  0.39819342E+02
          Norm of air_horizontal_velocity_potential:  0.33921996E+02
          Norm of air_pressure_at_surface:  0.25506885E+02
          Norm of air_horizontal_streamfunction:  0.37139412E+02
          Norm of air_horizontal_velocity_potential:  0.37775323E+02
          Norm of air_pressure_at_surface:  0.27281027E+02
          Norm of air_horizontal_streamfunction:  0.39703839E+02
          Norm of air_horizontal_velocity_potential:  0.40263886E+02
          Norm of air_pressure_at_surface:  0.24324478E+02
          Norm of air_horizontal_streamfunction:  0.43916070E+02
          Norm of air_horizontal_velocity_potential:  0.39482377E+02
          Norm of air_pressure_at_surface:  0.25842948E+02
          Norm of air_horizontal_streamfunction:  0.39517867E+02
          Norm of air_horizontal_velocity_potential:  0.37881524E+02
          Norm of air_pressure_at_surface:  0.25190246E+02
          Norm of air_horizontal_streamfunction:  0.37640791E+02
          Norm of air_horizontal_velocity_potential:  0.40633617E+02
          Norm of air_pressure_at_surface:  0.22978969E+02
          Norm of air_horizontal_streamfunction:  0.41172555E+02
          Norm of air_horizontal_velocity_potential:  0.39518809E+02
          Norm of air_pressure_at_surface:  0.23359893E+02
          Norm of air_horizontal_streamfunction:  0.42742426E+02
          Norm of air_horizontal_velocity_potential:  0.37879308E+02
          Norm of air_pressure_at_surface:  0.23436386E+02
          Norm of air_horizontal_streamfunction:  0.29819172E+02
          Norm of air_horizontal_velocity_potential:  0.35612212E+02
          Norm of air_pressure_at_surface:  0.26471099E+02
          Norm of air_horizontal_streamfunction:  0.39708695E+02
          Norm of air_horizontal_velocity_potential:  0.38182131E+02
          Norm of air_pressure_at_surface:  0.25653673E+02
          Norm of air_horizontal_streamfunction:  0.33395328E+02
          Norm of air_horizontal_velocity_potential:  0.37946391E+02
          Norm of air_pressure_at_surface:  0.26292953E+02
          Norm of air_horizontal_streamfunction:  0.37898864E+02
          Norm of air_horizontal_velocity_potential:  0.40789101E+02
          Norm of air_pressure_at_surface:  0.25200736E+02
          Norm of air_horizontal_streamfunction:  0.39896394E+02
          Norm of air_horizontal_velocity_potential:  0.38334677E+02
          Norm of air_pressure_at_surface:  0.24369534E+02
          Norm of air_horizontal_streamfunction:  0.39124835E+02
          Norm of air_horizontal_velocity_potential:  0.38747317E+02
          Norm of air_pressure_at_surface:  0.21669287E+02
          Norm of air_horizontal_streamfunction:  0.36526977E+02
          Norm of air_horizontal_velocity_potential:  0.38396368E+02
          Norm of air_pressure_at_surface:  0.23650439E+02
          Norm of air_horizontal_streamfunction:  0.37452478E+02
          Norm of air_horizontal_velocity_potential:  0.40958474E+02
          Norm of air_pressure_at_surface:  0.23471641E+02
          Norm of air_horizontal_streamfunction:  0.38654033E+02
          Norm of air_horizontal_velocity_potential:  0.40744345E+02
          Norm of air_pressure_at_surface:  0.27661351E+02
          Norm of air_horizontal_streamfunction:  0.37067916E+02
          Norm of air_horizontal_velocity_potential:  0.42188472E+02
          Norm of air_pressure_at_surface:  0.26749816E+02
          Level   1 ~> 100.0%
          Level   2 ~> 100.0%
          Profile A computed at lon/lat:    0.0 /    0.0
          Profile B computed at lon/lat:  -18.0 /   54.0
          Profile C computed at lon/lat: -126.0 /  -63.0
          Subgrid hash:   1534185147
          Subgrid hash:   -735092467
             -90.00 deg.  ~>100-100-100-100-100-100-100-100-100-100 
             -45.00 deg.  ~>100-100-100-100-100-100-100-100-100-100 
               0.00 deg.  ~>100-100-100-100-100-100-100-100-100-100 
              45.00 deg.  ~>100-100-100-100-100-100-100-100-100-100 
             -90.00 deg.  ~>100-100-100-100-100-100-100-100-100-100 
             -45.00 deg.  ~>100-100-100-100-100-100-100-100-100-100 
               0.00 deg.  ~>100-100-100-100-100-100-100-100-100-100 
              45.00 deg.  ~>100-100-100-100-100-100-100-100-100-100 
          nc1 =      520
          nc2 =      283
          Independent levels:  1[2]
          Independent levels for angular sector   1 / class   1:  1[2]
          Independent levels for angular sector   1 / class   2:  1[2]
          Independent levels for angular sector   1 / class   3:  1[2]
          Independent levels for angular sector   1 / class   4:  1[2]
          Independent levels for angular sector   1 / class   5:  1[2]
          Independent levels for angular sector   1 / class   6:  1[2]
          Independent levels for angular sector   1 / class   7:  1[2]
          Independent levels for angular sector   1 / class   8:  1[2]
          Independent levels for angular sector   1 / class   9:  1[2]
          Independent levels for angular sector   1 / class  10:  1[2]
          Independent levels for angular sector   2 / class   1:  1[2]
          Independent levels for angular sector   2 / class   2:  1[2]
          Independent levels for angular sector   2 / class   3:  1[2]
          Independent levels for angular sector   2 / class   4:  1[2]
          Independent levels for angular sector   2 / class   5:  1[2]
          Independent levels for angular sector   2 / class   6:  1[2]
          Independent levels for angular sector   2 / class   7:  1[2]
          Independent levels for angular sector   2 / class   8:  1[2]
          Independent levels for angular sector   2 / class   9:  1[2]
          Independent levels for angular sector   2 / class  10:  1[2]
          Independent levels for angular sector   3 / class   1:  1[2]
          Independent levels for angular sector   3 / class   2:  1[2]
          Independent levels for angular sector   3 / class   3:  1[2]
          Independent levels for angular sector   3 / class   4:  1[2]
          Independent levels for angular sector   3 / class   5:  1[2]
          Independent levels for angular sector   3 / class   6:  1[2]
          Independent levels for angular sector   3 / class   7:  1[2]
          Independent levels for angular sector   3 / class   8:  1[2]
          Independent levels for angular sector   3 / class   9:  1[2]
          Independent levels for angular sector   3 / class  10:  1[2]
          Independent levels for angular sector   4 / class   1:  1[2]
          Independent levels for angular sector   4 / class   2:  1[2]
          Independent levels for angular sector   4 / class   3:  1[2]
          Independent levels for angular sector   4 / class   4:  1[2]
          Independent levels for angular sector   4 / class   5:  1[2]
          Independent levels for angular sector   4 / class   6:  1[2]
          Independent levels for angular sector   4 / class   7:  1[2]
          Independent levels for angular sector   4 / class   8:  1[2]
          Independent levels for angular sector   4 / class   9:  1[2]
          Independent levels for angular sector   4 / class  10:  1[2]
                Level:   1 ~> cov. at class zero:  0.10E+01
                Level:   2 ~> cov. at class zero:  0.99E+00
                Level:   1 ~> cov. at class zero:  0.10E+01
                Level:   2 ~> cov. at class zero:  0.10E+01
                Level:   2 ~> cov. at class zero:  0.93E+00
             Block air_horizontal_streamfunction:  0.30957776E+00 for    45440 diagnostic points
             Block air_horizontal_velocity_potential:  0.31027212E+00 for    45440 diagnostic points
             Block air_pressure_at_surface:  0.30263772E+00 for    11360 diagnostic points
                   Level:   1 ~> amplitude:        0.89
                                 cor. hor. support:      4593.66 km
                                 cor. ver. support:         3.63 vertical units
                   Level:   2 ~> amplitude:        0.89
                                 cor. hor. support:      4650.62 km
                                 cor. ver. support:         3.65 vertical units
                   Level:   1 ~> amplitude:        0.11
                                 cor. hor. support:      2583.20 km
                                 cor. ver. support:         0.36 vertical units
                   Level:   2 ~> amplitude:        0.11
                                 cor. hor. support:      2615.24 km
                                 cor. ver. support:         0.37 vertical units
                   Level:   1 ~> amplitude:        0.89
                                 cor. hor. support:      4642.00 km
                                 cor. ver. support:         3.45 vertical units
                   Level:   2 ~> amplitude:        0.85
                                 cor. hor. support:      4741.82 km
                                 cor. ver. support:         3.64 vertical units
                   Level:   1 ~> amplitude:        0.11
                                 cor. hor. support:      2610.39 km
                                 cor. ver. support:         0.34 vertical units
                   Level:   2 ~> amplitude:        0.15
                                 cor. hor. support:      2666.52 km
                                 cor. ver. support:         0.36 vertical units
                   Level:   2 ~> amplitude:        0.88
                                 cor. hor. support:      4658.67 km
                                 cor. ver. support:         0.00 vertical units
                   Level:   2 ~> amplitude:        0.12
                                 cor. hor. support:      2619.76 km
                                 cor. ver. support:         0.00 vertical units
Norm of output parameter cor_a - 1: 5.0808620707443012e+01
Norm of output parameter cor_a - 2: 1.1174545682972937e+01
Norm of output parameter cor_rh1 - 1: 2.8694684170467079e+08
Norm of output parameter cor_rh1 - 2: 2.4892482296903673e+08
Norm of output parameter cor_rh2 - 1: 3.0636917043196994e+08
Norm of output parameter cor_rh2 - 2: 2.6604399704367045e+08
Norm of output parameter cor_rhc - 1: 7.8680668989728186e+00
Norm of output parameter cor_rhc - 2: 7.8680668989728186e+00
Norm of output parameter cor_rh - 1: 2.9449862442687052e+08
Norm of output parameter cor_rh - 2: 2.5574800624343428e+08
Norm of output parameter cor_rv - 1: 1.9245091199721224e+02
Norm of output parameter cor_rv - 2: 3.2384804082426633e+01
