       Independent levels:  1[2]
          Subset Sc0 size:              762
          Domain area (% of Earth area): 0.100E+03%
             Level   1 ~> 100.0%
             Level   2 ~> 100.0%
             Level   1 ~>  0.100E+01 vert. coord.
             Level   2 ~>  0.200E+01 vert. coord.
          Norm of air_horizontal_streamfunction:  0.39548856E+02
          Norm of air_horizontal_velocity_potential:  0.41106434E+02
          Norm of air_horizontal_streamfunction:  0.36504330E+02
          Norm of air_horizontal_velocity_potential:  0.32566374E+02
          Norm of air_horizontal_streamfunction:  0.36054866E+02
          Norm of air_horizontal_velocity_potential:  0.43005085E+02
          Norm of air_horizontal_streamfunction:  0.40124918E+02
          Norm of air_horizontal_velocity_potential:  0.36901082E+02
          Norm of air_horizontal_streamfunction:  0.38171152E+02
          Norm of air_horizontal_velocity_potential:  0.40953038E+02
          Norm of air_horizontal_streamfunction:  0.36490636E+02
          Norm of air_horizontal_velocity_potential:  0.41381604E+02
          Norm of air_horizontal_streamfunction:  0.44587372E+02
          Norm of air_horizontal_velocity_potential:  0.37608653E+02
          Norm of air_horizontal_streamfunction:  0.39755964E+02
          Norm of air_horizontal_velocity_potential:  0.34786554E+02
          Norm of air_horizontal_streamfunction:  0.37824849E+02
          Norm of air_horizontal_velocity_potential:  0.37282896E+02
          Norm of air_horizontal_streamfunction:  0.40493754E+02
          Norm of air_horizontal_velocity_potential:  0.40682521E+02
          Norm of air_horizontal_streamfunction:  0.44530793E+02
          Norm of air_horizontal_velocity_potential:  0.39492537E+02
          Norm of air_horizontal_streamfunction:  0.39888166E+02
          Norm of air_horizontal_velocity_potential:  0.38483142E+02
          Norm of air_horizontal_streamfunction:  0.37169662E+02
          Norm of air_horizontal_velocity_potential:  0.40619131E+02
          Norm of air_horizontal_streamfunction:  0.42907622E+02
          Norm of air_horizontal_velocity_potential:  0.40303794E+02
          Norm of air_horizontal_streamfunction:  0.44400921E+02
          Norm of air_horizontal_velocity_potential:  0.39117586E+02
          Norm of air_horizontal_streamfunction:  0.31018361E+02
          Norm of air_horizontal_velocity_potential:  0.34902867E+02
          Norm of air_horizontal_streamfunction:  0.39464970E+02
          Norm of air_horizontal_velocity_potential:  0.38656096E+02
          Norm of air_horizontal_streamfunction:  0.35011538E+02
          Norm of air_horizontal_velocity_potential:  0.37522012E+02
          Norm of air_horizontal_streamfunction:  0.40572185E+02
          Norm of air_horizontal_velocity_potential:  0.41480792E+02
          Norm of air_horizontal_streamfunction:  0.40957651E+02
          Norm of air_horizontal_velocity_potential:  0.40611804E+02
          Norm of air_horizontal_streamfunction:  0.39710017E+02
          Norm of air_horizontal_velocity_potential:  0.38816595E+02
          Norm of air_horizontal_streamfunction:  0.38348248E+02
          Norm of air_horizontal_velocity_potential:  0.40508658E+02
          Norm of air_horizontal_streamfunction:  0.39225951E+02
          Norm of air_horizontal_velocity_potential:  0.41992031E+02
          Norm of air_horizontal_streamfunction:  0.39215104E+02
          Norm of air_horizontal_velocity_potential:  0.42565581E+02
          Norm of air_horizontal_streamfunction:  0.38444456E+02
          Norm of air_horizontal_velocity_potential:  0.42567431E+02
          Level   1 ~> 100.0%
          Level   2 ~> 100.0%
          Subgrid hash:   1534185147
             -90.00 deg.  ~>100-100-100-100-100-100-100-100-100-100 
             -45.00 deg.  ~>100-100-100-100-100-100-100-100-100-100 
               0.00 deg.  ~>100-100-100-100-100-100-100-100-100-100 
              45.00 deg.  ~>100-100-100-100-100-100-100-100-100-100 
             -90.00 deg.  ~>100-100-100-100-100-100-100-100-100-100 
             -45.00 deg.  ~>100-100-100-100-100-100-100-100-100-100 
               0.00 deg.  ~>100-100-100-100-100-100-100-100-100-100 
              45.00 deg.  ~>100-100-100-100-100-100-100-100-100-100 
          nc1 =      520
          Independent levels:  1[2]
          Independent levels for angular sector   1 / class   1:  1[2]
          Independent levels for angular sector   1 / class   2:  1[2]
          Independent levels for angular sector   1 / class   3:  1[2]
          Independent levels for angular sector   1 / class   4:  1[2]
          Independent levels for angular sector   1 / class   5:  1[2]
          Independent levels for angular sector   1 / class   6:  1[2]
          Independent levels for angular sector   1 / class   7:  1[2]
          Independent levels for angular sector   1 / class   8:  1[2]
          Independent levels for angular sector   1 / class   9:  1[2]
          Independent levels for angular sector   1 / class  10:  1[2]
          Independent levels for angular sector   2 / class   1:  1[2]
          Independent levels for angular sector   2 / class   2:  1[2]
          Independent levels for angular sector   2 / class   3:  1[2]
          Independent levels for angular sector   2 / class   4:  1[2]
          Independent levels for angular sector   2 / class   5:  1[2]
          Independent levels for angular sector   2 / class   6:  1[2]
          Independent levels for angular sector   2 / class   7:  1[2]
          Independent levels for angular sector   2 / class   8:  1[2]
          Independent levels for angular sector   2 / class   9:  1[2]
          Independent levels for angular sector   2 / class  10:  1[2]
          Independent levels for angular sector   3 / class   1:  1[2]
          Independent levels for angular sector   3 / class   2:  1[2]
          Independent levels for angular sector   3 / class   3:  1[2]
          Independent levels for angular sector   3 / class   4:  1[2]
          Independent levels for angular sector   3 / class   5:  1[2]
          Independent levels for angular sector   3 / class   6:  1[2]
          Independent levels for angular sector   3 / class   7:  1[2]
          Independent levels for angular sector   3 / class   8:  1[2]
          Independent levels for angular sector   3 / class   9:  1[2]
          Independent levels for angular sector   3 / class  10:  1[2]
          Independent levels for angular sector   4 / class   1:  1[2]
          Independent levels for angular sector   4 / class   2:  1[2]
          Independent levels for angular sector   4 / class   3:  1[2]
          Independent levels for angular sector   4 / class   4:  1[2]
          Independent levels for angular sector   4 / class   5:  1[2]
          Independent levels for angular sector   4 / class   6:  1[2]
          Independent levels for angular sector   4 / class   7:  1[2]
          Independent levels for angular sector   4 / class   8:  1[2]
          Independent levels for angular sector   4 / class   9:  1[2]
          Independent levels for angular sector   4 / class  10:  1[2]
                Level:   1 ~> cov. at class zero:  0.10E+01
                Level:   2 ~> cov. at class zero:  0.99E+00
                Level:   1 ~> cov. at class zero:  0.10E+01
                Level:   2 ~> cov. at class zero:  0.10E+01
             Block air_horizontal_streamfunction:  0.15467612E+00 for      160 diagnostic points
             Block air_horizontal_velocity_potential:  0.16596476E+00 for      160 diagnostic points
                   Level:   1 ~> amplitude:        0.89
                                 cor. hor. support:      4593.66 km
                                 cor. ver. support:         3.63 vertical units
                   Level:   2 ~> amplitude:        0.89
                                 cor. hor. support:      4650.62 km
                                 cor. ver. support:         3.65 vertical units
                   Level:   1 ~> amplitude:        0.11
                                 cor. hor. support:      2583.20 km
                                 cor. ver. support:         0.36 vertical units
                   Level:   2 ~> amplitude:        0.11
                                 cor. hor. support:      2615.24 km
                                 cor. ver. support:         0.37 vertical units
                   Level:   1 ~> amplitude:        0.89
                                 cor. hor. support:      4642.00 km
                                 cor. ver. support:         3.45 vertical units
                   Level:   2 ~> amplitude:        0.85
                                 cor. hor. support:      4741.82 km
                                 cor. ver. support:         3.64 vertical units
                   Level:   1 ~> amplitude:        0.11
                                 cor. hor. support:      2610.39 km
                                 cor. ver. support:         0.34 vertical units
                   Level:   2 ~> amplitude:        0.15
                                 cor. hor. support:      2666.52 km
                                 cor. ver. support:         0.36 vertical units
             Effective levels:   1   2 
                   Requested distance between points (min/max/avg):  0.637E+03 km /  0.637E+03 km /  0.637E+03 km
                   Regular sampling grid size:      880 points
                   Nearest neighbor distance (min/max/avg):  0.213E+03 km /  0.736E+03 km /  0.652E+03 km
                   Effective resolution (min/max/avg):  6.24 / 21.60 /  7.64
                   Subgrid hash:   -419298473
                Subgrid size:      880
                   Requested distance between points (min/max/avg):  0.645E+03 km /  0.645E+03 km /  0.645E+03 km
                   Regular sampling grid size:      880 points
                   Nearest neighbor distance (min/max/avg):  0.213E+03 km /  0.736E+03 km /  0.652E+03 km
                   Effective resolution (min/max/avg):  6.32 / 21.87 /  7.74
                   Subgrid hash:   -419298473
                Subgrid size:      880
             nc1(  1) =                        880
             nc1(  2) =                        880
             ns =                             1760
             v%n_s =                             2
             c%n_s[global] =                 47776
             Effective levels:   1   2 
                   Requested distance between points (min/max/avg):  0.358E+03 km /  0.358E+03 km /  0.358E+03 km
                   Regular sampling grid size:     2944 points
                   Nearest neighbor distance (min/max/avg):  0.103E+03 km /  0.447E+03 km /  0.401E+03 km
                   Effective resolution (min/max/avg):  5.78 / 25.07 /  6.74
                   Subgrid hash:   1887505217
                Subgrid size:     2944
                   Requested distance between points (min/max/avg):  0.362E+03 km /  0.362E+03 km /  0.362E+03 km
                   Regular sampling grid size:     2944 points
                   Nearest neighbor distance (min/max/avg):  0.103E+03 km /  0.447E+03 km /  0.401E+03 km
                   Effective resolution (min/max/avg):  5.86 / 25.38 /  6.83
                   Subgrid hash:   1887505217
                Subgrid size:     2944
             nc1(  1) =                       2944
             nc1(  2) =                       2944
             ns =                             5888
             v%n_s =                             2
             c%n_s[global] =                 90616
             Effective levels:   1   2 
                   Requested distance between points (min/max/avg):  0.643E+03 km /  0.643E+03 km /  0.643E+03 km
                   Regular sampling grid size:      880 points
                   Nearest neighbor distance (min/max/avg):  0.213E+03 km /  0.736E+03 km /  0.652E+03 km
                   Effective resolution (min/max/avg):  6.30 / 21.83 /  7.72
                   Subgrid hash:   -419298473
                Subgrid size:      880
                   Requested distance between points (min/max/avg):  0.657E+03 km /  0.657E+03 km /  0.657E+03 km
                   Regular sampling grid size:      880 points
                   Nearest neighbor distance (min/max/avg):  0.213E+03 km /  0.736E+03 km /  0.652E+03 km
                   Effective resolution (min/max/avg):  6.44 / 22.30 /  7.89
                   Subgrid hash:   -419298473
                Subgrid size:      880
             nc1(  1) =                        880
             nc1(  2) =                        880
             ns =                             1760
             v%n_s =                             2
             c%n_s[global] =                 48192
             Effective levels:   1   2 
                   Requested distance between points (min/max/avg):  0.362E+03 km /  0.362E+03 km /  0.362E+03 km
                   Regular sampling grid size:     2944 points
                   Nearest neighbor distance (min/max/avg):  0.103E+03 km /  0.447E+03 km /  0.401E+03 km
                   Effective resolution (min/max/avg):  5.84 / 25.33 /  6.81
                   Subgrid hash:   1887505217
                Subgrid size:     2944
                   Requested distance between points (min/max/avg):  0.370E+03 km /  0.370E+03 km /  0.370E+03 km
                   Regular sampling grid size:     2944 points
                   Nearest neighbor distance (min/max/avg):  0.103E+03 km /  0.447E+03 km /  0.401E+03 km
                   Effective resolution (min/max/avg):  5.97 / 25.88 /  6.96
                   Subgrid hash:   1887505217
                Subgrid size:     2944
             nc1(  1) =                       2944
             nc1(  2) =                       2944
             ns =                             5888
             v%n_s =                             2
             c%n_s[global] =                 94408
    Full NICAS adjoint test result:                        T
       Block NICAS adjoint test result:                    T
          Interpolation adjoint test (horizontal) result:  T
          Interpolation adjoint test (vertical) result:    T
          Interpolation adjoint test (total) result:       T
          Communication AB adjoint test result:            T
          Communication AC adjoint test result:            T
          Convolution / communication adjoint test result: T
          Component NICAS adjoint test result:             T
          Interpolation adjoint test (horizontal) result:  T
          Interpolation adjoint test (vertical) result:    T
          Interpolation adjoint test (total) result:       T
          Communication AB adjoint test result:            T
          Communication AC adjoint test result:            T
          Convolution / communication adjoint test result: T
          Component NICAS adjoint test result:             T
       Block NICAS adjoint test result:                    T
          Interpolation adjoint test (horizontal) result:  T
          Interpolation adjoint test (vertical) result:    T
          Interpolation adjoint test (total) result:       T
          Communication AB adjoint test result:            T
          Communication AC adjoint test result:            T
          Convolution / communication adjoint test result: T
          Component NICAS adjoint test result:             T
          Interpolation adjoint test (horizontal) result:  T
          Interpolation adjoint test (vertical) result:    T
          Interpolation adjoint test (total) result:       T
          Communication AB adjoint test result:            T
          Communication AC adjoint test result:            T
          Convolution / communication adjoint test result: T
          Component NICAS adjoint test result:             T
             Min / max: 1.0000000 /  1.0000000 over     10 tests
             Min / max: 1.0000000 /  1.0000000 over     10 tests
             Min / max: 1.0000000 /  1.0000000 over     10 tests
             Min / max: 1.0000000 /  1.0000000 over     10 tests
             Min / max: 1.0000000 /  1.0000000 over     10 tests
             Min / max: 1.0000000 /  1.0000000 over     10 tests
             0.0 /    0.0:  1.0000000
          Level   1:  0.0000000 -  1.0000000
          Level   2:  0.0000000 -  0.6644366
             0.0 /    0.0:  0.0000000
          Level   1:  0.0000000 -  0.0000000
          Level   2:  0.0000000 -  0.0000000
Norm of output parameter dirac_mom_cov - 1: 1.1345203847591828e+01
Norm of output parameter dirac_mom_single_obs - 1: 1.3101805063180700e+01
Norm of output parameter dirac_mom - 1: 1.2029943769764627e+01
Norm of output parameter dirac_diag_cor - 1: 2.6937582997896983e+00
Norm of output parameter cor_a - 1: 4.8608691474422692e+01
Norm of output parameter cor_a - 2: 6.6667913924447193e+00
Norm of output parameter cor_rh1 - 1: 2.4744496355374479e+08
Norm of output parameter cor_rh1 - 2: 1.3914852871662256e+08
Norm of output parameter cor_rh2 - 1: 2.6851385898612356e+08
Norm of output parameter cor_rh2 - 2: 1.5099643929437658e+08
Norm of output parameter cor_rhc - 1: 5.2805833012871615e+00
Norm of output parameter cor_rhc - 2: 5.2805833012871615e+00
Norm of output parameter cor_rh - 1: 2.5712517106742477e+08
Norm of output parameter cor_rh - 2: 1.4459210943799543e+08
Norm of output parameter cor_rv - 1: 1.9838818815890900e+02
Norm of output parameter cor_rv - 2: 1.9838818815970122e+01
Norm of output parameter nicas_norm - 1: 8.2270122319688767e+01
