       Independent levels:  1[2]
          Subset Sc0 size:             1106
          Domain area (% of Earth area): 0.100E+03%
             Level   1 ~> 100.0%
             Level   2 ~> 100.0%
             Level   1 ~>  0.100E+01 vert. coord.
             Level   2 ~>  0.200E+01 vert. coord.
          Norm of air_horizontal_streamfunction:  0.46640022E+02
          Norm of air_horizontal_streamfunction:  0.44800579E+02
          Norm of air_horizontal_streamfunction:  0.49257910E+02
          Norm of air_horizontal_streamfunction:  0.43232722E+02
          Norm of air_horizontal_streamfunction:  0.43688330E+02
          Norm of air_horizontal_streamfunction:  0.39461909E+02
          Norm of air_horizontal_streamfunction:  0.41828911E+02
          Norm of air_horizontal_streamfunction:  0.46594695E+02
          Norm of air_horizontal_streamfunction:  0.40989816E+02
          Norm of air_horizontal_streamfunction:  0.47144763E+02
       Independent levels:  1[2]
          Subset Sc0 size:              762
          Domain area (% of Earth area): 0.100E+03%
             Level   1 ~> 100.0%
             Level   2 ~> 100.0%
             Level   1 ~>  0.100E+01 vert. coord.
             Level   2 ~>  0.200E+01 vert. coord.
          Norm of air_horizontal_streamfunction:  0.37190422E+02
          Norm of air_horizontal_streamfunction:  0.38751619E+02
          Norm of air_horizontal_streamfunction:  0.39672672E+02
          Norm of air_horizontal_streamfunction:  0.36240492E+02
          Norm of air_horizontal_streamfunction:  0.41370237E+02
          Norm of air_horizontal_streamfunction:  0.33718522E+02
          Norm of air_horizontal_streamfunction:  0.44949329E+02
          Norm of air_horizontal_streamfunction:  0.35311757E+02
          Norm of air_horizontal_streamfunction:  0.33256754E+02
          Norm of air_horizontal_streamfunction:  0.39682037E+02
          Norm of air_horizontal_streamfunction:  0.38945513E+02
          Norm of air_horizontal_streamfunction:  0.33525559E+02
          Norm of air_horizontal_streamfunction:  0.38954493E+02
          Norm of air_horizontal_streamfunction:  0.44734967E+02
          Norm of air_horizontal_streamfunction:  0.35594743E+02
          Norm of air_horizontal_streamfunction:  0.42244363E+02
          Norm of air_horizontal_streamfunction:  0.39344983E+02
          Norm of air_horizontal_streamfunction:  0.39256043E+02
          Norm of air_horizontal_streamfunction:  0.32900214E+02
          Norm of air_horizontal_streamfunction:  0.34221773E+02
          Norm of air_horizontal_streamfunction:  0.49526945E+02
          Norm of air_horizontal_streamfunction:  0.32023686E+02
          Norm of air_horizontal_streamfunction:  0.33097097E+02
          Norm of air_horizontal_streamfunction:  0.37618789E+02
          Norm of air_horizontal_streamfunction:  0.35839841E+02
          Level   1 ~> 100.0%
          Level   2 ~> 100.0%
          Subgrid hash:  -1366971213
             -90.00 deg.  ~>100-100-100-100-100-100-100-100-100-100-100-100-100-100-100 
             -90.00 deg.  ~>100-100-100-100-100-100-100-100-100-100-100-100-100-100-100 
          nc1 =      544
          Independent levels:  1[2]
          Independent levels for angular sector   1 / class   1:  1[2]
          Independent levels for angular sector   1 / class   2:  1[2]
          Independent levels for angular sector   1 / class   3:  1[2]
          Independent levels for angular sector   1 / class   4:  1[2]
          Independent levels for angular sector   1 / class   5:  1[2]
          Independent levels for angular sector   1 / class   6:  1[2]
          Independent levels for angular sector   1 / class   7:  1[2]
          Independent levels for angular sector   1 / class   8:  1[2]
          Independent levels for angular sector   1 / class   9:  1[2]
          Independent levels for angular sector   1 / class  10:  1[2]
          Independent levels for angular sector   1 / class  11:  1[2]
          Independent levels for angular sector   1 / class  12:  1[2]
          Independent levels for angular sector   1 / class  13:  1[2]
          Independent levels for angular sector   1 / class  14:  1[2]
          Independent levels for angular sector   1 / class  15:  1[2]
          nc1 =      544
          Independent levels:  1[2]
          Independent levels for angular sector   1 / class   1:  1[2]
          Independent levels for angular sector   1 / class   2:  1[2]
          Independent levels for angular sector   1 / class   3:  1[2]
          Independent levels for angular sector   1 / class   4:  1[2]
          Independent levels for angular sector   1 / class   5:  1[2]
          Independent levels for angular sector   1 / class   6:  1[2]
          Independent levels for angular sector   1 / class   7:  1[2]
          Independent levels for angular sector   1 / class   8:  1[2]
          Independent levels for angular sector   1 / class   9:  1[2]
          Independent levels for angular sector   1 / class  10:  1[2]
          Independent levels for angular sector   1 / class  11:  1[2]
          Independent levels for angular sector   1 / class  12:  1[2]
          Independent levels for angular sector   1 / class  13:  1[2]
          Independent levels for angular sector   1 / class  14:  1[2]
          Independent levels for angular sector   1 / class  15:  1[2]
                Level:   1 ~> cov. at class zero:  0.96E+00
                Level:   2 ~> cov. at class zero:  0.95E+00
                Level:   1 ~> cov. at class zero:  0.10E+01
                Level:   2 ~> cov. at class zero:  0.95E+00
             Block air_horizontal_streamfunction:  0.16395978E+00 for       60 diagnostic points
                   Level:   1 ~> amplitude:        1.00
                                 cor. hor. support:      4512.14 km
                                 cor. ver. support:         3.12 vertical units
                   Level:   2 ~> amplitude:        1.00
                                 cor. hor. support:      4320.11 km
                                 cor. ver. support:         3.12 vertical units
             Block air_horizontal_streamfunction:  0.22022275E+00 for       60 diagnostic points
                   Level:   1 ~> amplitude:        1.00
                                 cor. hor. support:      8445.44 km
                                 cor. ver. support:         1.56 vertical units
                   Level:   2 ~> amplitude:        1.00
                                 cor. hor. support:      8231.52 km
                                 cor. ver. support:         1.56 vertical units
             Block air_horizontal_streamfunction:  0.21813381E+00 for       40 diagnostic points
                Level:   1 ~> loc. at class zero:       0.83
                Level:   2 ~> loc. at class zero:       0.83
                   Level:   1 ~> amplitude:        1.00
                                 loc. hor. support:      5776.56 km
                                 loc. ver. support:         4.17 vertical units
                   Level:   2 ~> amplitude:        1.00
                                 loc. hor. support:      5438.49 km
                                 loc. ver. support:         4.17 vertical units
                Level:   1 ~> hybrid coefficients: 0.60 / 0.38
                Level:   2 ~> hybrid coefficients: 0.58 / 0.42
Norm of output parameter loc_rh - 1: 2.6385235156393513e+08
Norm of output parameter loc_rv - 1: 1.9605475146722972e+02
Norm of output parameter hyb_coef_ens - 1: 2.7675199663307630e+01
Norm of output parameter hyb_coef_sta - 1: 1.5648194915981431e+01
