       Independent levels:  1[2]
          Subset Sc0 size:             1106
          Domain area (% of Earth area): 0.100E+03%
             Level   1 ~> 100.0%
             Level   2 ~> 100.0%
             Level   1 ~>  0.100E+01 vert. coord.
             Level   2 ~>  0.200E+01 vert. coord.
       Independent levels:  1[2]
          Subset Sc0 size:              762
          Domain area (% of Earth area): 0.100E+03%
             Level   1 ~> 100.0%
             Level   2 ~> 100.0%
             Level   1 ~>  0.100E+01 vert. coord.
             Level   2 ~>  0.200E+01 vert. coord.
          nc1 =      544
          Independent levels:  1[2]
          Independent levels for angular sector   1 / class   1:  1[2]
          Independent levels for angular sector   1 / class   2:  1[2]
          Independent levels for angular sector   1 / class   3:  1[2]
          Independent levels for angular sector   1 / class   4:  1[2]
          Independent levels for angular sector   1 / class   5:  1[2]
          Independent levels for angular sector   1 / class   6:  1[2]
          Independent levels for angular sector   1 / class   7:  1[2]
          Independent levels for angular sector   1 / class   8:  1[2]
          Independent levels for angular sector   1 / class   9:  1[2]
          Independent levels for angular sector   1 / class  10:  1[2]
          Independent levels for angular sector   1 / class  11:  1[2]
          Independent levels for angular sector   1 / class  12:  1[2]
          Independent levels for angular sector   1 / class  13:  1[2]
          Independent levels for angular sector   1 / class  14:  1[2]
          Independent levels for angular sector   1 / class  15:  1[2]
          nc1 =      544
          Independent levels:  1[2]
          Independent levels for angular sector   1 / class   1:  1[2]
          Independent levels for angular sector   1 / class   2:  1[2]
          Independent levels for angular sector   1 / class   3:  1[2]
          Independent levels for angular sector   1 / class   4:  1[2]
          Independent levels for angular sector   1 / class   5:  1[2]
          Independent levels for angular sector   1 / class   6:  1[2]
          Independent levels for angular sector   1 / class   7:  1[2]
          Independent levels for angular sector   1 / class   8:  1[2]
          Independent levels for angular sector   1 / class   9:  1[2]
          Independent levels for angular sector   1 / class  10:  1[2]
          Independent levels for angular sector   1 / class  11:  1[2]
          Independent levels for angular sector   1 / class  12:  1[2]
          Independent levels for angular sector   1 / class  13:  1[2]
          Independent levels for angular sector   1 / class  14:  1[2]
          Independent levels for angular sector   1 / class  15:  1[2]
                Level:   1 ~> cov. at class zero:  0.96E+00
                Level:   2 ~> cov. at class zero:  0.95E+00
                Level:   1 ~> cov. at class zero:  0.10E+01
                Level:   2 ~> cov. at class zero:  0.10E+01
             Block air_horizontal_streamfunction:  0.16395978E+00 for       60 diagnostic points
                   Level:   1 ~> amplitude:        1.00
                                 cor. hor. support:      4512.14 km
                                 cor. ver. support:         3.12 vertical units
                   Level:   2 ~> amplitude:        1.00
                                 cor. hor. support:      4320.11 km
                                 cor. ver. support:         3.12 vertical units
             Block air_horizontal_streamfunction:  0.16235731E+00 for       60 diagnostic points
                   Level:   1 ~> amplitude:        1.00
                                 cor. hor. support:      4441.96 km
                                 cor. ver. support:         3.23 vertical units
                   Level:   2 ~> amplitude:        1.00
                                 cor. hor. support:      4462.45 km
                                 cor. ver. support:         3.23 vertical units
             Block air_horizontal_streamfunction:  0.21813381E+00 for       40 diagnostic points
                Level:   1 ~> loc. at class zero:       0.83
                Level:   2 ~> loc. at class zero:       0.83
                   Level:   1 ~> amplitude:        1.00
                                 loc. hor. support:      5776.56 km
                                 loc. ver. support:         4.17 vertical units
                   Level:   2 ~> amplitude:        1.00
                                 loc. hor. support:      5438.49 km
                                 loc. ver. support:         4.17 vertical units
             Block air_horizontal_streamfunction:  0.25904929E+00 for       41 diagnostic points
                Level:   1 ~> loc. at class zero:       0.93
                Level:   2 ~> loc. at class zero:       0.93
                   Level:   1 ~> amplitude:        1.00
                                 loc. hor. support:      7082.65 km
                                 loc. ver. support:         6.04 vertical units
                   Level:   2 ~> amplitude:        1.00
                                 loc. hor. support:      6624.56 km
                                 loc. ver. support:         6.03 vertical units
                Level:   1 ~> hybrid coefficients: 0.53 / 0.44
                Level:   2 ~> hybrid coefficients: 0.53 / 0.45
             Effective levels:   1   2 
                   Requested distance between points (min/max/avg):  0.116E+04 km /  0.116E+04 km /  0.116E+04 km
                   Regular sampling grid size:      208 points
                   Nearest neighbor distance (min/max/avg):  0.556E+03 km /  0.123E+04 km /  0.104E+04 km
                   Effective resolution (min/max/avg):  4.70 / 10.38 /  6.05
                   Subgrid hash:  -2117861176
                Subgrid size:      208
                   Requested distance between points (min/max/avg):  0.109E+04 km /  0.109E+04 km /  0.109E+04 km
                   Regular sampling grid size:      280 points
                   Nearest neighbor distance (min/max/avg):  0.452E+03 km /  0.113E+04 km /  0.958E+03 km
                   Effective resolution (min/max/avg):  4.83 / 12.02 /  6.25
                   Subgrid hash:  -1121648371
                Subgrid size:      280
             nc1(  1) =                        208
             nc1(  2) =                        280
             ns =                              488
             v%n_s =                             2
             c%n_s[global] =                 12056
             Effective levels:   1   2 
                   Requested distance between points (min/max/avg):  0.142E+04 km /  0.142E+04 km /  0.142E+04 km
                   Regular sampling grid size:      144 points
                   Nearest neighbor distance (min/max/avg):  0.720E+03 km /  0.139E+04 km /  0.116E+04 km
                   Effective resolution (min/max/avg):  5.10 /  9.83 /  6.60
                   Subgrid hash:    761790603
                Subgrid size:      144
                   Requested distance between points (min/max/avg):  0.132E+04 km /  0.132E+04 km /  0.132E+04 km
                   Regular sampling grid size:      144 points
                   Nearest neighbor distance (min/max/avg):  0.720E+03 km /  0.139E+04 km /  0.116E+04 km
                   Effective resolution (min/max/avg):  4.77 /  9.19 /  6.18
                   Subgrid hash:    761790603
                Subgrid size:      144
             nc1(  1) =                        144
             nc1(  2) =                        144
             ns =                              288
             v%n_s =                             2
             c%n_s[global] =                  6048
    Full NICAS adjoint test result:                        T
       Block NICAS adjoint test result:                    T
          Interpolation adjoint test (horizontal) result:  T
          Interpolation adjoint test (vertical) result:    T
          Interpolation adjoint test (total) result:       T
          Communication AB adjoint test result:            T
          Communication AC adjoint test result:            T
          Convolution / communication adjoint test result: T
          Component NICAS adjoint test result:             T
             Min / max: 1.0000000 /  1.0000000 over     10 tests
             Min / max: 1.0000000 /  1.0000000 over     10 tests
             0.0 /    0.0:  1.0000000
          Level   1:  0.0000000 -  1.0000000
          Level   2:  0.0000000 -  0.8010575
    Full NICAS adjoint test result:                        T
       Block NICAS adjoint test result:                    T
          Interpolation adjoint test (horizontal) result:  T
          Interpolation adjoint test (vertical) result:    T
          Interpolation adjoint test (total) result:       T
          Communication AB adjoint test result:            T
          Communication AC adjoint test result:            T
          Convolution / communication adjoint test result: T
          Component NICAS adjoint test result:             T
             Min / max: 1.0000000 /  1.0000000 over     10 tests
             Min / max: 1.0000000 /  1.0000000 over     10 tests
             0.0 /    0.0:  1.0000000
          Level   1:  0.0000000 -  1.0000000
          Level   2:  0.0000000 -  0.9217012
Norm of output parameter loc_rh - 1: 2.6385235156393513e+08
Norm of output parameter loc_rv - 1: 1.9605475146722972e+02
Norm of output parameter hyb_coef_ens - 1: 2.4882874354618114e+01
Norm of output parameter hyb_coef_ens_lr - 1: 2.0866264710826773e+01
Norm of output parameter loc_rh_lr - 1: 2.7378231229532695e+08
Norm of output parameter loc_rv_lr - 1: 2.4092607067241505e+02
