       Independent levels:  1[2]
          Subset Sc0 size:              762
          Domain area (% of Earth area): 0.100E+03%
             Level   1 ~> 100.0%
             Level   2 ~> 100.0%
             Level   1 ~>  0.100E+01 vert. coord.
             Level   2 ~>  0.200E+01 vert. coord.
          Norm of air_horizontal_streamfunction:  0.39690506E+02
          Norm of air_horizontal_velocity_potential:  0.37425904E+02
          Norm of air_horizontal_streamfunction:  0.36006977E+02
          Norm of air_horizontal_velocity_potential:  0.33314457E+02
          Norm of air_horizontal_streamfunction:  0.35119646E+02
          Norm of air_horizontal_velocity_potential:  0.39378754E+02
          Norm of air_horizontal_streamfunction:  0.36724121E+02
          Norm of air_horizontal_velocity_potential:  0.33608783E+02
          Norm of air_horizontal_streamfunction:  0.37062698E+02
          Norm of air_horizontal_velocity_potential:  0.39899563E+02
          Norm of air_horizontal_streamfunction:  0.33438714E+02
          Norm of air_horizontal_velocity_potential:  0.38879178E+02
          Norm of air_horizontal_streamfunction:  0.43178735E+02
          Norm of air_horizontal_velocity_potential:  0.34696234E+02
          Norm of air_horizontal_streamfunction:  0.36921890E+02
          Norm of air_horizontal_velocity_potential:  0.33520256E+02
          Norm of air_horizontal_streamfunction:  0.35546146E+02
          Norm of air_horizontal_velocity_potential:  0.37377950E+02
          Norm of air_horizontal_streamfunction:  0.37603072E+02
          Norm of air_horizontal_velocity_potential:  0.40302527E+02
          Level   1 ~> 100.0%
          Level   2 ~> 100.0%
          Subgrid hash:   1534185147
          nc1 =      520
          nc2 =      250
          Independent levels:  1[2]
       Vertical balance block air_horizontal_streamfunction-air_horizontal_velocity_potential adjoint test result:  T
       Vertical balance direct adjoint test results:  T
       Vertical balance inverse adjoint test results: T
Norm of output parameter dirac_vbal - 1: 1.0000000000000000e+00
