       Independent levels:  1[2]
          Subset Sc0 size:              762
          Domain area (% of Earth area): 0.100E+03%
             Level   1 ~> 100.0%
             Level   2 ~> 100.0%
             Level   1 ~>  0.100E+01 vert. coord.
             Level   2 ~>  0.200E+01 vert. coord.
          Norm of air_horizontal_streamfunction:  0.39822027E+02
          Norm of air_horizontal_streamfunction:  0.35600374E+02
          Norm of air_horizontal_streamfunction:  0.35083550E+02
          Norm of air_horizontal_streamfunction:  0.39162682E+02
          Norm of air_horizontal_streamfunction:  0.36504800E+02
          Norm of air_horizontal_streamfunction:  0.36303916E+02
          Norm of air_horizontal_streamfunction:  0.45320839E+02
          Norm of air_horizontal_streamfunction:  0.39819342E+02
          Norm of air_horizontal_streamfunction:  0.37139412E+02
          Norm of air_horizontal_streamfunction:  0.39703839E+02
          Norm of air_horizontal_streamfunction:  0.43916070E+02
          Norm of air_horizontal_streamfunction:  0.39517867E+02
          Norm of air_horizontal_streamfunction:  0.37640791E+02
          Norm of air_horizontal_streamfunction:  0.41172555E+02
          Norm of air_horizontal_streamfunction:  0.42742426E+02
          Norm of air_horizontal_streamfunction:  0.29819172E+02
          Norm of air_horizontal_streamfunction:  0.39708695E+02
          Norm of air_horizontal_streamfunction:  0.33395328E+02
          Norm of air_horizontal_streamfunction:  0.37898864E+02
          Norm of air_horizontal_streamfunction:  0.39896394E+02
          Norm of air_horizontal_streamfunction:  0.39124835E+02
          Norm of air_horizontal_streamfunction:  0.36526977E+02
          Norm of air_horizontal_streamfunction:  0.37452478E+02
          Norm of air_horizontal_streamfunction:  0.38654033E+02
          Norm of air_horizontal_streamfunction:  0.37067916E+02
          Level   1 ~> 100.0%
          Level   2 ~> 100.0%
          Subgrid hash:   1534185147
             -90.00 deg.  ~>100-100-100-100-100-100-100-100-100-100 
             -90.00 deg.  ~>100-100-100-100-100-100-100-100-100-100 
          nc1 =      520
          Independent levels:  1[2]
          Independent levels for angular sector   1 / class   1:  1[2]
          Independent levels for angular sector   1 / class   2:  1[2]
          Independent levels for angular sector   1 / class   3:  1[2]
          Independent levels for angular sector   1 / class   4:  1[2]
          Independent levels for angular sector   1 / class   5:  1[2]
          Independent levels for angular sector   1 / class   6:  1[2]
          Independent levels for angular sector   1 / class   7:  1[2]
          Independent levels for angular sector   1 / class   8:  1[2]
          Independent levels for angular sector   1 / class   9:  1[2]
          Independent levels for angular sector   1 / class  10:  1[2]
                Level:   1 ~> cov. at class zero:  0.10E+01
                Level:   2 ~> cov. at class zero:  0.99E+00
             Block air_horizontal_streamfunction:  0.14564642E+00 for       40 diagnostic points
                   Level:   1 ~> amplitude:        1.00
                                 cor. hor. support:      4454.39 km
                                 cor. ver. support:         3.19 vertical units
                   Level:   2 ~> amplitude:        1.00
                                 cor. hor. support:      4553.30 km
                                 cor. ver. support:         3.19 vertical units
             Block air_horizontal_streamfunction:  0.85522952E-01 for       40 diagnostic points
                Level:   1 ~> loc. at class zero:       1.00
                Level:   2 ~> loc. at class zero:       1.00
                   Level:   1 ~> amplitude:        1.00
                                 loc. hor. support:      3122.36 km
                                 loc. ver. support:         2.45 vertical units
                   Level:   2 ~> amplitude:        1.00
                                 loc. hor. support:      3195.47 km
                                 loc. ver. support:         2.45 vertical units
Norm of output parameter loc_rh - 1: 1.2332747934563664e+08
Norm of output parameter loc_rv - 1: 9.5721844192604635e+01
